../Core/Src/main.c:219:6:OnUSBRx	16	static
../Core/Src/main.c:545:5:PutByteOnTxESP01	0	static
../Core/Src/main.c:574:6:GetESP01dbg	0	static
../Core/Src/main.c:616:5:delay_us	0	static
../Core/Src/main.c:541:6:CHENState	0	static
../Core/Src/main.c:612:6:OneWireWritePin	0	static
../Core/Src/main.c:608:9:OneWireReadPin	0	static
../Core/Src/main.c:200:6:HAL_TIM_PeriodElapsedCallback	0	static
../Core/Src/main.c:210:6:HAL_UART_RxCpltCallback	8	static
../Core/Src/main.c:227:6:DecodeHeader	36	static
../Core/Src/main.c:333:6:PutBufOnTx	12	static
../Core/Src/main.c:342:6:PutByteOnTx	8	static
../Core/Src/main.c:347:6:PutHeaderOnTx	12	static
../Core/Src/main.c:365:6:CalcAndPutCksOnTx	16	static
../Core/Src/main.c:382:6:PutStrOnTx	16	static
../Core/Src/main.c:301:6:DecodeCMD	8	static
../Core/Src/main.c:554:6:GetESP01StateChange	8	static
../Core/Src/main.c:392:9:GetByteFromRx	8	static
../Core/Src/main.c:404:6:TransmitUSB	24	static
../Core/Src/main.c:435:6:TransmitUSART	8	static
../Core/Src/main.c:445:6:setMode	0	static
../Core/Src/main.c:457:6:hearbeatTask	8	static
../Core/Src/main.c:473:6:On10ms	8	static
../Core/Src/main.c:504:6:On5s	16	static
../Core/Src/main.c:524:6:On2s	16	static
../Core/Src/main.c:582:6:Set_Pin_Output	24	static
../Core/Src/main.c:604:6:OneWireSerPinOutput	0	static
../Core/Src/main.c:591:6:Set_Pin_Input	24	static
../Core/Src/main.c:600:6:OneWireSetPinInput	0	static
../Core/Src/main.c:627:6:GetElapsedTime	8	static
../Core/Src/main.c:841:6:SystemClock_Config	96	static,ignoring_inline_asm
../Core/Src/main.c:646:5:main	64	static,ignoring_inline_asm
../Core/Src/main.c:1065:6:Error_Handler	0	static,ignoring_inline_asm
