../Core/Src/main.c:227:6:OnUSBRx	16	static
../Core/Src/main.c:508:5:PutByteOnTxESP01	0	static
../Core/Src/main.c:537:6:GetESP01dbg	0	static
../Core/Src/main.c:504:6:CHENState	0	static
../Core/Src/main.c:208:6:HAL_TIM_PeriodElapsedCallback	0	static
../Core/Src/main.c:218:6:HAL_UART_RxCpltCallback	8	static
../Core/Src/main.c:235:6:DecodeHeader	36	static
../Core/Src/main.c:332:6:PutBufOnTx	12	static
../Core/Src/main.c:341:6:PutByteOnTx	8	static
../Core/Src/main.c:346:6:PutHeaderOnTx	12	static
../Core/Src/main.c:364:6:CalcAndPutCksOnTx	16	static
../Core/Src/main.c:381:6:PutStrOnTx	16	static
../Core/Src/main.c:309:6:DecodeCMD	8	static
../Core/Src/main.c:517:6:GetESP01StateChange	8	static
../Core/Src/main.c:391:9:GetByteFromRx	8	static
../Core/Src/main.c:403:6:TransmitUSB	24	static
../Core/Src/main.c:434:6:TransmitUSART	8	static
../Core/Src/main.c:444:6:setMode	0	static
../Core/Src/main.c:456:6:hearbeatTask	8	static
../Core/Src/main.c:472:6:On10ms	0	static
../Core/Src/main.c:497:6:On5s	8	static
../Core/Src/main.c:543:6:delayConfig	0	static
../Core/Src/main.c:548:9:delayRead	8	static
../Core/Src/main.c:572:6:delayWrite	0	static
../Core/Src/main.c:579:6:delay	0	static
../Core/Src/main.c:595:6:Set_Pin_Output	24	static
../Core/Src/main.c:604:6:Set_Pin_Input	24	static
../Core/Src/main.c:616:9:DS18B20_Start	8	static
../Core/Src/main.c:634:6:DS18B20_Write	16	static
../Core/Src/main.c:666:9:DS18B20_Read	16	static
../Core/Src/main.c:878:6:SystemClock_Config	96	static,ignoring_inline_asm
../Core/Src/main.c:695:5:main	88	static,ignoring_inline_asm
../Core/Src/main.c:1057:6:Error_Handler	0	static,ignoring_inline_asm
