../Core/Src/main.c:221:6:OnUSBRx	16	static
../Core/Src/main.c:544:5:PutByteOnTxESP01	0	static
../Core/Src/main.c:573:6:GetESP01dbg	0	static
../Core/Src/main.c:540:6:CHENState	0	static
../Core/Src/main.c:611:6:OneWireWritePin	0	static
../Core/Src/main.c:607:9:OneWireReadPin	0	static
../Core/Src/main.c:637:19:delayBlocking	8	static
../Core/Src/main.c:202:6:HAL_TIM_PeriodElapsedCallback	0	static
../Core/Src/main.c:212:6:HAL_UART_RxCpltCallback	8	static
../Core/Src/main.c:229:6:DecodeHeader	36	static
../Core/Src/main.c:335:6:PutBufOnTx	12	static
../Core/Src/main.c:344:6:PutByteOnTx	8	static
../Core/Src/main.c:349:6:PutHeaderOnTx	12	static
../Core/Src/main.c:367:6:CalcAndPutCksOnTx	16	static
../Core/Src/main.c:384:6:PutStrOnTx	16	static
../Core/Src/main.c:303:6:DecodeCMD	8	static
../Core/Src/main.c:553:6:GetESP01StateChange	8	static
../Core/Src/main.c:394:9:GetByteFromRx	8	static
../Core/Src/main.c:406:6:TransmitUSB	24	static
../Core/Src/main.c:437:6:TransmitUSART	8	static
../Core/Src/main.c:447:6:setMode	0	static
../Core/Src/main.c:459:6:hearbeatTask	8	static
../Core/Src/main.c:475:6:On10ms	8	static
../Core/Src/main.c:506:6:On5s	16	static
../Core/Src/main.c:526:6:On2s	8	static
../Core/Src/main.c:581:6:Set_Pin_Output	24	static
../Core/Src/main.c:603:6:OneWireSerPinOutput	0	static
../Core/Src/main.c:590:6:Set_Pin_Input	24	static
../Core/Src/main.c:599:6:OneWireSetPinInput	0	static
../Core/Src/main.c:615:5:delay_us	0	static
../Core/Src/main.c:626:6:GetElapsedTime	8	static
../Core/Src/main.c:870:6:SystemClock_Config	96	static,ignoring_inline_asm
../Core/Src/main.c:664:5:main	64	static,ignoring_inline_asm
../Core/Src/main.c:1094:6:Error_Handler	0	static,ignoring_inline_asm
