Archive member included to satisfy reference by file (symbol)

C:/ST/STM32CubeIDE_1.13.1/STM32CubeIDE/plugins/com.st.stm32cube.ide.mcu.externaltools.gnu-tools-for-stm32.11.3.rel1.win32_1.1.0.202305231506/tools/bin/../lib/gcc/arm-none-eabi/11.3.1/../../../../arm-none-eabi/lib/thumb/v7-m/nofp\libc_nano.a(libc_a-exit.o)
                              C:/ST/STM32CubeIDE_1.13.1/STM32CubeIDE/plugins/com.st.stm32cube.ide.mcu.externaltools.gnu-tools-for-stm32.11.3.rel1.win32_1.1.0.202305231506/tools/bin/../lib/gcc/arm-none-eabi/11.3.1/../../../../arm-none-eabi/lib/thumb/v7-m/nofp/crt0.o (exit)
C:/ST/STM32CubeIDE_1.13.1/STM32CubeIDE/plugins/com.st.stm32cube.ide.mcu.externaltools.gnu-tools-for-stm32.11.3.rel1.win32_1.1.0.202305231506/tools/bin/../lib/gcc/arm-none-eabi/11.3.1/../../../../arm-none-eabi/lib/thumb/v7-m/nofp\libc_nano.a(libc_a-itoa.o)
                              ./Core/Src/ESP01.o (itoa)
C:/ST/STM32CubeIDE_1.13.1/STM32CubeIDE/plugins/com.st.stm32cube.ide.mcu.externaltools.gnu-tools-for-stm32.11.3.rel1.win32_1.1.0.202305231506/tools/bin/../lib/gcc/arm-none-eabi/11.3.1/../../../../arm-none-eabi/lib/thumb/v7-m/nofp\libc_nano.a(libc_a-utoa.o)
                              C:/ST/STM32CubeIDE_1.13.1/STM32CubeIDE/plugins/com.st.stm32cube.ide.mcu.externaltools.gnu-tools-for-stm32.11.3.rel1.win32_1.1.0.202305231506/tools/bin/../lib/gcc/arm-none-eabi/11.3.1/../../../../arm-none-eabi/lib/thumb/v7-m/nofp\libc_nano.a(libc_a-itoa.o) (__utoa)
C:/ST/STM32CubeIDE_1.13.1/STM32CubeIDE/plugins/com.st.stm32cube.ide.mcu.externaltools.gnu-tools-for-stm32.11.3.rel1.win32_1.1.0.202305231506/tools/bin/../lib/gcc/arm-none-eabi/11.3.1/../../../../arm-none-eabi/lib/thumb/v7-m/nofp\libc_nano.a(libc_a-findfp.o)
                              C:/ST/STM32CubeIDE_1.13.1/STM32CubeIDE/plugins/com.st.stm32cube.ide.mcu.externaltools.gnu-tools-for-stm32.11.3.rel1.win32_1.1.0.202305231506/tools/bin/../lib/gcc/arm-none-eabi/11.3.1/../../../../arm-none-eabi/lib/thumb/v7-m/nofp\libc_nano.a(libc_a-exit.o) (__stdio_exit_handler)
C:/ST/STM32CubeIDE_1.13.1/STM32CubeIDE/plugins/com.st.stm32cube.ide.mcu.externaltools.gnu-tools-for-stm32.11.3.rel1.win32_1.1.0.202305231506/tools/bin/../lib/gcc/arm-none-eabi/11.3.1/../../../../arm-none-eabi/lib/thumb/v7-m/nofp\libc_nano.a(libc_a-fwalk.o)
                              C:/ST/STM32CubeIDE_1.13.1/STM32CubeIDE/plugins/com.st.stm32cube.ide.mcu.externaltools.gnu-tools-for-stm32.11.3.rel1.win32_1.1.0.202305231506/tools/bin/../lib/gcc/arm-none-eabi/11.3.1/../../../../arm-none-eabi/lib/thumb/v7-m/nofp\libc_nano.a(libc_a-findfp.o) (_fwalk_sglue)
C:/ST/STM32CubeIDE_1.13.1/STM32CubeIDE/plugins/com.st.stm32cube.ide.mcu.externaltools.gnu-tools-for-stm32.11.3.rel1.win32_1.1.0.202305231506/tools/bin/../lib/gcc/arm-none-eabi/11.3.1/../../../../arm-none-eabi/lib/thumb/v7-m/nofp\libc_nano.a(libc_a-stdio.o)
                              C:/ST/STM32CubeIDE_1.13.1/STM32CubeIDE/plugins/com.st.stm32cube.ide.mcu.externaltools.gnu-tools-for-stm32.11.3.rel1.win32_1.1.0.202305231506/tools/bin/../lib/gcc/arm-none-eabi/11.3.1/../../../../arm-none-eabi/lib/thumb/v7-m/nofp\libc_nano.a(libc_a-findfp.o) (__sread)
C:/ST/STM32CubeIDE_1.13.1/STM32CubeIDE/plugins/com.st.stm32cube.ide.mcu.externaltools.gnu-tools-for-stm32.11.3.rel1.win32_1.1.0.202305231506/tools/bin/../lib/gcc/arm-none-eabi/11.3.1/../../../../arm-none-eabi/lib/thumb/v7-m/nofp\libc_nano.a(libc_a-memset.o)
                              C:/ST/STM32CubeIDE_1.13.1/STM32CubeIDE/plugins/com.st.stm32cube.ide.mcu.externaltools.gnu-tools-for-stm32.11.3.rel1.win32_1.1.0.202305231506/tools/bin/../lib/gcc/arm-none-eabi/11.3.1/../../../../arm-none-eabi/lib/thumb/v7-m/nofp/crt0.o (memset)
C:/ST/STM32CubeIDE_1.13.1/STM32CubeIDE/plugins/com.st.stm32cube.ide.mcu.externaltools.gnu-tools-for-stm32.11.3.rel1.win32_1.1.0.202305231506/tools/bin/../lib/gcc/arm-none-eabi/11.3.1/../../../../arm-none-eabi/lib/thumb/v7-m/nofp\libc_nano.a(libc_a-strncpy.o)
                              ./Core/Src/ESP01.o (strncpy)
C:/ST/STM32CubeIDE_1.13.1/STM32CubeIDE/plugins/com.st.stm32cube.ide.mcu.externaltools.gnu-tools-for-stm32.11.3.rel1.win32_1.1.0.202305231506/tools/bin/../lib/gcc/arm-none-eabi/11.3.1/../../../../arm-none-eabi/lib/thumb/v7-m/nofp\libc_nano.a(libc_a-closer.o)
                              C:/ST/STM32CubeIDE_1.13.1/STM32CubeIDE/plugins/com.st.stm32cube.ide.mcu.externaltools.gnu-tools-for-stm32.11.3.rel1.win32_1.1.0.202305231506/tools/bin/../lib/gcc/arm-none-eabi/11.3.1/../../../../arm-none-eabi/lib/thumb/v7-m/nofp\libc_nano.a(libc_a-stdio.o) (_close_r)
C:/ST/STM32CubeIDE_1.13.1/STM32CubeIDE/plugins/com.st.stm32cube.ide.mcu.externaltools.gnu-tools-for-stm32.11.3.rel1.win32_1.1.0.202305231506/tools/bin/../lib/gcc/arm-none-eabi/11.3.1/../../../../arm-none-eabi/lib/thumb/v7-m/nofp\libc_nano.a(libc_a-reent.o)
[...]
Memory Configuration

Name             Origin             Length             Attributes
RAM              0x0000000020000000 0x0000000000005000 xrw
FLASH            0x0000000008000000 0x0000000000010000 xr
*default*        0x0000000000000000 0xffffffffffffffff

Linker script and memory map

LOAD C:/ST/STM32CubeIDE_1.13.1/STM32CubeIDE/plugins/com.st.stm32cube.ide.mcu.externaltools.gnu-tools-for-stm32.11.3.rel1.win32_1.1.0.202305231506/tools/bin/../lib/gcc/arm-none-eabi/11.3.1/thumb/v7-m/nofp/crti.o
LOAD C:/ST/STM32CubeIDE_1.13.1/STM32CubeIDE/plugins/com.st.stm32cube.ide.mcu.externaltools.gnu-tools-for-stm32.11.3.rel1.win32_1.1.0.202305231506/tools/bin/../lib/gcc/arm-none-eabi/11.3.1/thumb/v7-m/nofp/crtbegin.o
LOAD C:/ST/STM32CubeIDE_1.13.1/STM32CubeIDE/plugins/com.st.stm32cube.ide.mcu.externaltools.gnu-tools-for-stm32.11.3.rel1.win32_1.1.0.202305231506/tools/bin/../lib/gcc/arm-none-eabi/11.3.1/../../../../arm-none-eabi/lib/thumb/v7-m/nofp/crt0.o
LOAD ./Core/Src/DS18B20.o
LOAD ./Core/Src/ESP01.o
LOAD ./Core/Src/ONEWire.o
LOAD ./Core/Src/delay_non_blocking.o
LOAD ./Core/Src/main.o
LOAD ./Core/Src/stm32f1xx_hal_msp.o
LOAD ./Core/Src/stm32f1xx_it.o
LOAD ./Core/Src/syscalls.o
LOAD ./Core/Src/sysmem.o
LOAD ./Core/Src/system_stm32f1xx.o
LOAD ./Core/Startup/startup_stm32f103c8tx.o
LOAD ./Drivers/STM32F1xx_HAL_Driver/Src/stm32f1xx_hal.o
LOAD ./Drivers/STM32F1xx_HAL_Driver/Src/stm32f1xx_hal_cortex.o
LOAD ./Drivers/STM32F1xx_HAL_Driver/Src/stm32f1xx_hal_dma.o
LOAD ./Drivers/STM32F1xx_HAL_Driver/Src/stm32f1xx_hal_exti.o
LOAD ./Drivers/STM32F1xx_HAL_Driver/Src/stm32f1xx_hal_flash.o
LOAD ./Drivers/STM32F1xx_HAL_Driver/Src/stm32f1xx_hal_flash_ex.o
LOAD ./Drivers/STM32F1xx_HAL_Driver/Src/stm32f1xx_hal_gpio.o
LOAD ./Drivers/STM32F1xx_HAL_Driver/Src/stm32f1xx_hal_gpio_ex.o
LOAD ./Drivers/STM32F1xx_HAL_Driver/Src/stm32f1xx_hal_pcd.o
LOAD ./Drivers/STM32F1xx_HAL_Driver/Src/stm32f1xx_hal_pcd_ex.o
LOAD ./Drivers/STM32F1xx_HAL_Driver/Src/stm32f1xx_hal_pwr.o
LOAD ./Drivers/STM32F1xx_HAL_Driver/Src/stm32f1xx_hal_rcc.o
LOAD ./Drivers/STM32F1xx_HAL_Driver/Src/stm32f1xx_hal_rcc_ex.o
LOAD ./Drivers/STM32F1xx_HAL_Driver/Src/stm32f1xx_hal_tim.o
LOAD ./Drivers/STM32F1xx_HAL_Driver/Src/stm32f1xx_hal_tim_ex.o
LOAD ./Drivers/STM32F1xx_HAL_Driver/Src/stm32f1xx_hal_uart.o
LOAD ./Drivers/STM32F1xx_HAL_Driver/Src/stm32f1xx_ll_usb.o
LOAD ./Middlewares/ST/STM32_USB_Device_Library/Class/CDC/Src/usbd_cdc.o
LOAD ./Middlewares/ST/STM32_USB_Device_Library/Core/Src/usbd_core.o
LOAD ./Middlewares/ST/STM32_USB_Device_Library/Core/Src/usbd_ctlreq.o
LOAD ./Middlewares/ST/STM32_USB_Device_Library/Core/Src/usbd_ioreq.o
LOAD ./USB_DEVICE/App/usb_device.o
LOAD ./USB_DEVICE/App/usbd_cdc_if.o
LOAD ./USB_DEVICE/App/usbd_desc.o
LOAD ./USB_DEVICE/Target/usbd_conf.o
START GROUP
LOAD C:/ST/STM32CubeIDE_1.13.1/STM32CubeIDE/plugins/com.st.stm32cube.ide.mcu.externaltools.gnu-tools-for-stm32.11.3.rel1.win32_1.1.0.202305231506/tools/bin/../lib/gcc/arm-none-eabi/11.3.1/../../../../arm-none-eabi/lib/thumb/v7-m/nofp\libc_nano.a
LOAD C:/ST/STM32CubeIDE_1.13.1/STM32CubeIDE/plugins/com.st.stm32cube.ide.mcu.externaltools.gnu-tools-for-stm32.11.3.rel1.win32_1.1.0.202305231506/tools/bin/../lib/gcc/arm-none-eabi/11.3.1/../../../../arm-none-eabi/lib/thumb/v7-m/nofp\libm.a
END GROUP
START GROUP
LOAD C:/ST/STM32CubeIDE_1.13.1/STM32CubeIDE/plugins/com.st.stm32cube.ide.mcu.externaltools.gnu-tools-for-stm32.11.3.rel1.win32_1.1.0.202305231506/tools/bin/../lib/gcc/arm-none-eabi/11.3.1/thumb/v7-m/nofp\libgcc.a
LOAD C:/ST/STM32CubeIDE_1.13.1/STM32CubeIDE/plugins/com.st.stm32cube.ide.mcu.externaltools.gnu-tools-for-stm32.11.3.rel1.win32_1.1.0.202305231506/tools/bin/../lib/gcc/arm-none-eabi/11.3.1/../../../../arm-none-eabi/lib/thumb/v7-m/nofp\libc_nano.a
END GROUP
START GROUP
LOAD C:/ST/STM32CubeIDE_1.13.1/STM32CubeIDE/plugins/com.st.stm32cube.ide.mcu.externaltools.gnu-tools-for-stm32.11.3.rel1.win32_1.1.0.202305231506/tools/bin/../lib/gcc/arm-none-eabi/11.3.1/thumb/v7-m/nofp\libgcc.a
LOAD C:/ST/STM32CubeIDE_1.13.1/STM32CubeIDE/plugins/com.st.stm32cube.ide.mcu.externaltools.gnu-tools-for-stm32.11.3.rel1.win32_1.1.0.202305231506/tools/bin/../lib/gcc/arm-none-eabi/11.3.1/../../../../arm-none-eabi/lib/thumb/v7-m/nofp\libc_nano.a
LOAD C:/ST/STM32CubeIDE_1.13.1/STM32CubeIDE/plugins/com.st.stm32cube.ide.mcu.externaltools.gnu-tools-for-stm32.11.3.rel1.win32_1.1.0.202305231506/tools/bin/../lib/gcc/arm-none-eabi/11.3.1/../../../../arm-none-eabi/lib/thumb/v7-m/nofp\libnosys.a
END GROUP
START GROUP
LOAD C:/ST/STM32CubeIDE_1.13.1/STM32CubeIDE/plugins/com.st.stm32cube.ide.mcu.externaltools.gnu-tools-for-stm32.11.3.rel1.win32_1.1.0.202305231506/tools/bin/../lib/gcc/arm-none-eabi/11.3.1/thumb/v7-m/nofp\libgcc.a
LOAD C:/ST/STM32CubeIDE_1.13.1/STM32CubeIDE/plugins/com.st.stm32cube.ide.mcu.externaltools.gnu-tools-for-stm32.11.3.rel1.win32_1.1.0.202305231506/tools/bin/../lib/gcc/arm-none-eabi/11.3.1/../../../../arm-none-eabi/lib/thumb/v7-m/nofp\libc_nano.a
LOAD C:/ST/STM32CubeIDE_1.13.1/STM32CubeIDE/plugins/com.st.stm32cube.ide.mcu.externaltools.gnu-tools-for-stm32.11.3.rel1.win32_1.1.0.202305231506/tools/bin/../lib/gcc/arm-none-eabi/11.3.1/../../../../arm-none-eabi/lib/thumb/v7-m/nofp\libnosys.a
END GROUP
LOAD C:/ST/STM32CubeIDE_1.13.1/STM32CubeIDE/plugins/com.st.stm32cube.ide.mcu.externaltools.gnu-tools-for-stm32.11.3.rel1.win32_1.1.0.202305231506/tools/bin/../lib/gcc/arm-none-eabi/11.3.1/thumb/v7-m/nofp/crtend.o
LOAD C:/ST/STM32CubeIDE_1.13.1/STM32CubeIDE/plugins/com.st.stm32cube.ide.mcu.externaltools.gnu-tools-for-stm32.11.3.rel1.win32_1.1.0.202305231506/tools/bin/../lib/gcc/arm-none-eabi/11.3.1/thumb/v7-m/nofp/crtn.o
                0x0000000020005000                _estack = (ORIGIN (RAM) + LENGTH (RAM))
                0x0000000000000200                _Min_Heap_Size = 0x200
                0x0000000000000400                _Min_Stack_Size = 0x400

.isr_vector     0x0000000008000000      0x10c
                0x0000000008000000                . = ALIGN (0x4)
 *(.isr_vector)
 .isr_vector    0x0000000008000000      0x10c ./Core/Startup/startup_stm32f103c8tx.o
                0x0000000008000000                g_pfnVectors
                0x000000000800010c                . = ALIGN (0x4)

.text           0x000000000800010c     0x5660
                0x000000000800010c                . = ALIGN (0x4)
 *(.text)
 .text          0x000000000800010c       0x40 C:/ST/STM32CubeIDE_1.13.1/STM32CubeIDE/plugins/com.st.stm32cube.ide.mcu.externaltools.gnu-tools-for-stm32.11.3.rel1.win32_1.1.0.202305231506/tools/bin/../lib/gcc/arm-none-eabi/11.3.1/thumb/v7-m/nofp/crtbegin.o
 .text          0x000000000800014c       0x10 C:/ST/STM32CubeIDE_1.13.1/STM32CubeIDE/plugins/com.st.stm32cube.ide.mcu.externaltools.gnu-tools-for-stm32.11.3.rel1.win32_1.1.0.202305231506/tools/bin/../lib/gcc/arm-none-eabi/11.3.1/../../../../arm-none-eabi/lib/thumb/v7-m/nofp\libc_nano.a(libc_a-strlen.o)
                0x000000000800014c                strlen
 *(.text*)
 .text.DS18B20_Task
                0x000000000800015c      0x168 ./Core/Src/DS18B20.o
                0x000000000800015c                DS18B20_Task
 .text.DS18B20_Init
                0x00000000080002c4       0x28 ./Core/Src/DS18B20.o
                0x00000000080002c4                DS18B20_Init
 .text.DS18B20_StartReadTemp
                0x00000000080002ec       0x28 ./Core/Src/DS18B20.o
                0x00000000080002ec                DS18B20_StartReadTemp
 .text.DS18B20_ReadLastTemp
                0x0000000008000314        0xa ./Core/Src/DS18B20.o
                0x0000000008000314                DS18B20_ReadLastTemp
 .text.DS18B20_Status
                0x000000000800031e        0x6 ./Core/Src/DS18B20.o
                0x000000000800031e                DS18B20_Status
 .text.ESP01StrToBufTX
                0x0000000008000324       0x34 ./Core/Src/ESP01.o
 .text.ESP01ByteToBufTX
                0x0000000008000358       0x28 ./Core/Src/ESP01.o
 .text.ESP01_SetWIFI
                0x0000000008000380       0x54 ./Core/Src/ESP01.o
                0x0000000008000380                ESP01_SetWIFI
 .text.ESP01_StartUDP
                0x00000000080003d4       0x80 ./Core/Src/ESP01.o
                0x00000000080003d4                ESP01_StartUDP
 .text.ESP01_GetLocalIP
                0x0000000008000454       0x20 ./Core/Src/ESP01.o
                0x0000000008000454                ESP01_GetLocalIP
 .text.ESP01_WriteRX
                0x0000000008000474       0x30 ./Core/Src/ESP01.o
                0x0000000008000474                ESP01_WriteRX
 .text.ESP01_Send
                0x00000000080004a4       0xfc ./Core/Src/ESP01.o
                0x00000000080004a4                ESP01_Send
 .text.ESP01_Init
                0x00000000080005a0       0x60 ./Core/Src/ESP01.o
                0x00000000080005a0                ESP01_Init
 .text.ESP01_Timeout10ms
                0x0000000008000600       0x38 ./Core/Src/ESP01.o
                0x0000000008000600                ESP01_Timeout10ms
 .text.ESP01_Task
                0x0000000008000638      0x7c4 ./Core/Src/ESP01.o
                0x0000000008000638                ESP01_Task
 .text.ESP01_AttachChangeState
                0x0000000008000dfc        0xc ./Core/Src/ESP01.o
                0x0000000008000dfc                ESP01_AttachChangeState
 .text.ESP01_AttachDebugStr
                0x0000000008000e08        0xc ./Core/Src/ESP01.o
                0x0000000008000e08                ESP01_AttachDebugStr
 .text.ONEWire_Init
                0x0000000008000e14       0x2e ./Core/Src/ONEWire.o
                0x0000000008000e14                ONEWire_Init
 .text.ONEWireTask
                0x0000000008000e42      0x120 ./Core/Src/ONEWire.o
                0x0000000008000e42                ONEWireTask
 .text.ONEWireReadByteTask
                0x0000000008000f62       0x30 ./Core/Src/ONEWire.o
                0x0000000008000f62                ONEWireReadByteTask
 .text.ONEWireWriteByteTask
                0x0000000008000f92       0x30 ./Core/Src/ONEWire.o
                0x0000000008000f92                ONEWireWriteByteTask
 .text.ONEWireResetTask
                0x0000000008000fc2       0x3a ./Core/Src/ONEWire.o
                0x0000000008000fc2                ONEWireResetTask
 .text.ONEWireGetStatusTask
                0x0000000008000ffc        0x6 ./Core/Src/ONEWire.o
                0x0000000008000ffc                ONEWireGetStatusTask
 .text.ONEWireGetLastByteReadTask
                0x0000000008001002        0x4 ./Core/Src/ONEWire.o
                0x0000000008001002                ONEWireGetLastByteReadTask
 .text.ONEWireIsPresent
                0x0000000008001006        0xc ./Core/Src/ONEWire.o
                0x0000000008001006                ONEWireIsPresent
 .text.delayConfig
                0x0000000008001012        0x8 ./Core/Src/delay_non_blocking.o
                0x0000000008001012                delayConfig
 *fill*         0x000000000800101a        0x2 
 .text.OnUSBRx  0x000000000800101c       0x3c ./Core/Src/main.o
                0x000000000800101c                OnUSBRx
 .text.PutByteOnTxESP01
                0x0000000008001058       0x20 ./Core/Src/main.o
                0x0000000008001058                PutByteOnTxESP01
 .text.GetESP01dbg
                0x0000000008001078        0x2 ./Core/Src/main.o
                0x0000000008001078                GetESP01dbg
 *fill*         0x000000000800107a        0x2 
 .text.CHENState
                0x000000000800107c       0x10 ./Core/Src/main.o
                0x000000000800107c                CHENState
 .text.OneWireWritePin
                0x000000000800108c       0x10 ./Core/Src/main.o
                0x000000000800108c                OneWireWritePin
 .text.OneWireReadPin
                0x000000000800109c        0xc ./Core/Src/main.o
                0x000000000800109c                OneWireReadPin
 .text.delayBlocking
                0x00000000080010a8       0x3c ./Core/Src/main.o
 .text.HAL_TIM_PeriodElapsedCallback
                0x00000000080010e4       0x2c ./Core/Src/main.o
                0x00000000080010e4                HAL_TIM_PeriodElapsedCallback
 .text.HAL_UART_RxCpltCallback
                0x0000000008001110       0x44 ./Core/Src/main.o
                0x0000000008001110                HAL_UART_RxCpltCallback
 .text.DecodeHeader
                0x0000000008001154       0xe0 ./Core/Src/main.o
                0x0000000008001154                DecodeHeader
 .text.PutByteOnTx
                0x0000000008001234       0x16 ./Core/Src/main.o
                0x0000000008001234                PutByteOnTx
 .text.PutHeaderOnTx
                0x000000000800124a       0x78 ./Core/Src/main.o
                0x000000000800124a                PutHeaderOnTx
 .text.CalcAndPutCksOnTx
                0x00000000080012c2       0x32 ./Core/Src/main.o
                0x00000000080012c2                CalcAndPutCksOnTx
 .text.PutStrOnTx
                0x00000000080012f4       0x24 ./Core/Src/main.o
                0x00000000080012f4                PutStrOnTx
 .text.DecodeCMD
                0x0000000008001318       0x88 ./Core/Src/main.o
                0x0000000008001318                DecodeCMD
 .text.GetESP01StateChange
                0x00000000080013a0       0x58 ./Core/Src/main.o
                0x00000000080013a0                GetESP01StateChange
 .text.TransmitUSB
                0x00000000080013f8       0x90 ./Core/Src/main.o
                0x00000000080013f8                TransmitUSB
 .text.TransmitUSART
                0x0000000008001488       0x24 ./Core/Src/main.o
                0x0000000008001488                TransmitUSART
 .text.hearbeatTask
                0x00000000080014ac       0x50 ./Core/Src/main.o
                0x00000000080014ac                hearbeatTask
 .text.On10ms   0x00000000080014fc       0x90 ./Core/Src/main.o
                0x00000000080014fc                On10ms
 .text.On5s     0x000000000800158c       0x6c ./Core/Src/main.o
                0x000000000800158c                On5s
 .text.On2s     0x00000000080015f8       0x4c ./Core/Src/main.o
                0x00000000080015f8                On2s
 .text.Set_Pin_Output
                0x0000000008001644       0x1c ./Core/Src/main.o
                0x0000000008001644                Set_Pin_Output
 .text.OneWireSerPinOutput
                0x0000000008001660        0xc ./Core/Src/main.o
                0x0000000008001660                OneWireSerPinOutput
 .text.Set_Pin_Input
                0x000000000800166c       0x1a ./Core/Src/main.o
                0x000000000800166c                Set_Pin_Input
 *fill*         0x0000000008001686        0x2 
 .text.OneWireSetPinInput
                0x0000000008001688        0xc ./Core/Src/main.o
                0x0000000008001688                OneWireSetPinInput
 .text.GetElapsedTime
                0x0000000008001694       0x38 ./Core/Src/main.o
                0x0000000008001694                GetElapsedTime
 .text.SystemClock_Config
                0x00000000080016cc       0x7c ./Core/Src/main.o
                0x00000000080016cc                SystemClock_Config
 .text.startup.main
                0x0000000008001748      0x468 ./Core/Src/main.o
                0x0000000008001748                main
 .text.Error_Handler
                0x0000000008001bb0        0x4 ./Core/Src/main.o
                0x0000000008001bb0                Error_Handler
 .text.HAL_MspInit
                0x0000000008001bb4       0x44 ./Core/Src/stm32f1xx_hal_msp.o
                0x0000000008001bb4                HAL_MspInit
 .text.HAL_TIM_Base_MspInit
                0x0000000008001bf8       0x60 ./Core/Src/stm32f1xx_hal_msp.o
                0x0000000008001bf8                HAL_TIM_Base_MspInit
 .text.HAL_UART_MspInit
                0x0000000008001c58       0x84 ./Core/Src/stm32f1xx_hal_msp.o
                0x0000000008001c58                HAL_UART_MspInit
 .text.NMI_Handler
                0x0000000008001cdc        0x2 ./Core/Src/stm32f1xx_it.o
                0x0000000008001cdc                NMI_Handler
 .text.HardFault_Handler
                0x0000000008001cde        0x2 ./Core/Src/stm32f1xx_it.o
                0x0000000008001cde                HardFault_Handler
 .text.MemManage_Handler
                0x0000000008001ce0        0x2 ./Core/Src/stm32f1xx_it.o
                0x0000000008001ce0                MemManage_Handler
 .text.BusFault_Handler
                0x0000000008001ce2        0x2 ./Core/Src/stm32f1xx_it.o
                0x0000000008001ce2                BusFault_Handler
 .text.UsageFault_Handler
                0x0000000008001ce4        0x2 ./Core/Src/stm32f1xx_it.o
                0x0000000008001ce4                UsageFault_Handler
 .text.SVC_Handler
                0x0000000008001ce6        0x2 ./Core/Src/stm32f1xx_it.o
                0x0000000008001ce6                SVC_Handler
 .text.DebugMon_Handler
                0x0000000008001ce8        0x2 ./Core/Src/stm32f1xx_it.o
                0x0000000008001ce8                DebugMon_Handler
 .text.PendSV_Handler
                0x0000000008001cea        0x2 ./Core/Src/stm32f1xx_it.o
                0x0000000008001cea                PendSV_Handler
 .text.SysTick_Handler
                0x0000000008001cec        0x4 ./Core/Src/stm32f1xx_it.o
                0x0000000008001cec                SysTick_Handler
 .text.USB_LP_CAN1_RX0_IRQHandler
                0x0000000008001cf0        0xc ./Core/Src/stm32f1xx_it.o
                0x0000000008001cf0                USB_LP_CAN1_RX0_IRQHandler
 .text.TIM2_IRQHandler
                0x0000000008001cfc        0xc ./Core/Src/stm32f1xx_it.o
                0x0000000008001cfc                TIM2_IRQHandler
 .text.USART2_IRQHandler
                0x0000000008001d08        0xc ./Core/Src/stm32f1xx_it.o
                0x0000000008001d08                USART2_IRQHandler
 .text.SystemInit
                0x0000000008001d14        0x2 ./Core/Src/system_stm32f1xx.o
                0x0000000008001d14                SystemInit
 *fill*         0x0000000008001d16        0x2 
 .text.Reset_Handler
                0x0000000008001d18       0x48 ./Core/Startup/startup_stm32f103c8tx.o
                0x0000000008001d18                Reset_Handler
 .text.Default_Handler
                0x0000000008001d60        0x2 ./Core/Startup/startup_stm32f103c8tx.o
                0x0000000008001d60                RTC_Alarm_IRQHandler
                0x0000000008001d60                EXTI2_IRQHandler
                0x0000000008001d60                TIM1_CC_IRQHandler
                0x0000000008001d60                PVD_IRQHandler
                0x0000000008001d60                EXTI3_IRQHandler
                0x0000000008001d60                EXTI0_IRQHandler
                0x0000000008001d60                I2C2_EV_IRQHandler
                0x0000000008001d60                ADC1_2_IRQHandler
                0x0000000008001d60                SPI1_IRQHandler
                0x0000000008001d60                TAMPER_IRQHandler
                0x0000000008001d60                DMA1_Channel4_IRQHandler
                0x0000000008001d60                USART3_IRQHandler
                0x0000000008001d60                RTC_IRQHandler
                0x0000000008001d60                DMA1_Channel7_IRQHandler
                0x0000000008001d60                CAN1_RX1_IRQHandler
                0x0000000008001d60                TIM4_IRQHandler
                0x0000000008001d60                I2C1_EV_IRQHandler
                0x0000000008001d60                DMA1_Channel6_IRQHandler
                0x0000000008001d60                TIM3_IRQHandler
                0x0000000008001d60                RCC_IRQHandler
                0x0000000008001d60                TIM1_TRG_COM_IRQHandler
                0x0000000008001d60                DMA1_Channel1_IRQHandler
                0x0000000008001d60                Default_Handler
                0x0000000008001d60                EXTI15_10_IRQHandler
                0x0000000008001d60                EXTI9_5_IRQHandler
                0x0000000008001d60                SPI2_IRQHandler
                0x0000000008001d60                DMA1_Channel5_IRQHandler
                0x0000000008001d60                EXTI4_IRQHandler
                0x0000000008001d60                USB_HP_CAN1_TX_IRQHandler
                0x0000000008001d60                DMA1_Channel3_IRQHandler
                0x0000000008001d60                TIM1_UP_IRQHandler
                0x0000000008001d60                WWDG_IRQHandler
                0x0000000008001d60                TIM1_BRK_IRQHandler
                0x0000000008001d60                EXTI1_IRQHandler
                0x0000000008001d60                I2C2_ER_IRQHandler
                0x0000000008001d60                DMA1_Channel2_IRQHandler
                0x0000000008001d60                CAN1_SCE_IRQHandler
                0x0000000008001d60                FLASH_IRQHandler
                0x0000000008001d60                USART1_IRQHandler
                0x0000000008001d60                I2C1_ER_IRQHandler
                0x0000000008001d60                USBWakeUp_IRQHandler
 *fill*         0x0000000008001d62        0x2 
 .text.HAL_InitTick
                0x0000000008001d64       0x48 ./Drivers/STM32F1xx_HAL_Driver/Src/stm32f1xx_hal.o
                0x0000000008001d64                HAL_InitTick
 .text.HAL_Init
                0x0000000008001dac       0x24 ./Drivers/STM32F1xx_HAL_Driver/Src/stm32f1xx_hal.o
                0x0000000008001dac                HAL_Init
 .text.HAL_IncTick
                0x0000000008001dd0       0x18 ./Drivers/STM32F1xx_HAL_Driver/Src/stm32f1xx_hal.o
                0x0000000008001dd0                HAL_IncTick
 .text.HAL_GetTick
                0x0000000008001de8        0xc ./Drivers/STM32F1xx_HAL_Driver/Src/stm32f1xx_hal.o
                0x0000000008001de8                HAL_GetTick
 .text.HAL_NVIC_SetPriorityGrouping
                0x0000000008001df4       0x24 ./Drivers/STM32F1xx_HAL_Driver/Src/stm32f1xx_hal_cortex.o
                0x0000000008001df4                HAL_NVIC_SetPriorityGrouping
 .text.HAL_NVIC_SetPriority
                0x0000000008001e18       0x60 ./Drivers/STM32F1xx_HAL_Driver/Src/stm32f1xx_hal_cortex.o
                0x0000000008001e18                HAL_NVIC_SetPriority
 .text.HAL_NVIC_EnableIRQ
                0x0000000008001e78       0x1c ./Drivers/STM32F1xx_HAL_Driver/Src/stm32f1xx_hal_cortex.o
                0x0000000008001e78                HAL_NVIC_EnableIRQ
 .text.HAL_SYSTICK_Config
                0x0000000008001e94       0x28 ./Drivers/STM32F1xx_HAL_Driver/Src/stm32f1xx_hal_cortex.o
                0x0000000008001e94                HAL_SYSTICK_Config
 .text.HAL_DMA_Abort
                0x0000000008001ebc       0x3e ./Drivers/STM32F1xx_HAL_Driver/Src/stm32f1xx_hal_dma.o
                0x0000000008001ebc                HAL_DMA_Abort
 *fill*         0x0000000008001efa        0x2 
 .text.HAL_DMA_Abort_IT
                0x0000000008001efc       0x90 ./Drivers/STM32F1xx_HAL_Driver/Src/stm32f1xx_hal_dma.o
                0x0000000008001efc                HAL_DMA_Abort_IT
 .text.HAL_GPIO_Init
                0x0000000008001f8c      0x1b4 ./Drivers/STM32F1xx_HAL_Driver/Src/stm32f1xx_hal_gpio.o
                0x0000000008001f8c                HAL_GPIO_Init
 .text.HAL_GPIO_ReadPin
                0x0000000008002140        0xc ./Drivers/STM32F1xx_HAL_Driver/Src/stm32f1xx_hal_gpio.o
                0x0000000008002140                HAL_GPIO_ReadPin
 .text.HAL_GPIO_WritePin
                0x000000000800214c        0xa ./Drivers/STM32F1xx_HAL_Driver/Src/stm32f1xx_hal_gpio.o
                0x000000000800214c                HAL_GPIO_WritePin
 .text.HAL_PCD_Init
                0x0000000008002156       0xf0 ./Drivers/STM32F1xx_HAL_Driver/Src/stm32f1xx_hal_pcd.o
                0x0000000008002156                HAL_PCD_Init
 .text.HAL_PCD_Start
                0x0000000008002246       0x32 ./Drivers/STM32F1xx_HAL_Driver/Src/stm32f1xx_hal_pcd.o
                0x0000000008002246                HAL_PCD_Start
 .text.HAL_PCD_SetAddress
                0x0000000008002278       0x28 ./Drivers/STM32F1xx_HAL_Driver/Src/stm32f1xx_hal_pcd.o
                0x0000000008002278                HAL_PCD_SetAddress
 .text.HAL_PCD_IRQHandler
                0x00000000080022a0      0x9b4 ./Drivers/STM32F1xx_HAL_Driver/Src/stm32f1xx_hal_pcd.o
                0x00000000080022a0                HAL_PCD_IRQHandler
 .text.HAL_PCD_EP_Open
                0x0000000008002c54       0x60 ./Drivers/STM32F1xx_HAL_Driver/Src/stm32f1xx_hal_pcd.o
                0x0000000008002c54                HAL_PCD_EP_Open
 .text.HAL_PCD_EP_Close
                0x0000000008002cb4       0x52 ./Drivers/STM32F1xx_HAL_Driver/Src/stm32f1xx_hal_pcd.o
                0x0000000008002cb4                HAL_PCD_EP_Close
 .text.HAL_PCD_EP_Receive
                0x0000000008002d06       0x2e ./Drivers/STM32F1xx_HAL_Driver/Src/stm32f1xx_hal_pcd.o
                0x0000000008002d06                HAL_PCD_EP_Receive
 .text.HAL_PCD_EP_GetRxCount
                0x0000000008002d34       0x10 ./Drivers/STM32F1xx_HAL_Driver/Src/stm32f1xx_hal_pcd.o
                0x0000000008002d34                HAL_PCD_EP_GetRxCount
 .text.HAL_PCD_EP_Transmit
                0x0000000008002d44       0x34 ./Drivers/STM32F1xx_HAL_Driver/Src/stm32f1xx_hal_pcd.o
                0x0000000008002d44                HAL_PCD_EP_Transmit
 .text.HAL_PCD_EP_SetStall
                0x0000000008002d78       0x68 ./Drivers/STM32F1xx_HAL_Driver/Src/stm32f1xx_hal_pcd.o
                0x0000000008002d78                HAL_PCD_EP_SetStall
 .text.HAL_PCD_EP_ClrStall
                0x0000000008002de0       0x64 ./Drivers/STM32F1xx_HAL_Driver/Src/stm32f1xx_hal_pcd.o
                0x0000000008002de0                HAL_PCD_EP_ClrStall
 .text.HAL_PCDEx_PMAConfig
                0x0000000008002e44       0x32 ./Drivers/STM32F1xx_HAL_Driver/Src/stm32f1xx_hal_pcd_ex.o
                0x0000000008002e44                HAL_PCDEx_PMAConfig
 *fill*         0x0000000008002e76        0x2 
 .text.HAL_RCC_OscConfig
                0x0000000008002e78      0x338 ./Drivers/STM32F1xx_HAL_Driver/Src/stm32f1xx_hal_rcc.o
                0x0000000008002e78                HAL_RCC_OscConfig
 .text.HAL_RCC_GetSysClockFreq
                0x00000000080031b0       0x4c ./Drivers/STM32F1xx_HAL_Driver/Src/stm32f1xx_hal_rcc.o
                0x00000000080031b0                HAL_RCC_GetSysClockFreq
 .text.HAL_RCC_ClockConfig
                0x00000000080031fc      0x138 ./Drivers/STM32F1xx_HAL_Driver/Src/stm32f1xx_hal_rcc.o
                0x00000000080031fc                HAL_RCC_ClockConfig
 .text.HAL_RCC_GetHCLKFreq
                0x0000000008003334        0xc ./Drivers/STM32F1xx_HAL_Driver/Src/stm32f1xx_hal_rcc.o
                0x0000000008003334                HAL_RCC_GetHCLKFreq
 .text.HAL_RCC_GetPCLK1Freq
                0x0000000008003340       0x20 ./Drivers/STM32F1xx_HAL_Driver/Src/stm32f1xx_hal_rcc.o
                0x0000000008003340                HAL_RCC_GetPCLK1Freq
 .text.HAL_RCC_GetPCLK2Freq
                0x0000000008003360       0x20 ./Drivers/STM32F1xx_HAL_Driver/Src/stm32f1xx_hal_rcc.o
                0x0000000008003360                HAL_RCC_GetPCLK2Freq
 .text.HAL_RCCEx_PeriphCLKConfig
                0x0000000008003380       0xf4 ./Drivers/STM32F1xx_HAL_Driver/Src/stm32f1xx_hal_rcc_ex.o
                0x0000000008003380                HAL_RCCEx_PeriphCLKConfig
 .text.HAL_TIM_Base_Start
                0x0000000008003474       0x4c ./Drivers/STM32F1xx_HAL_Driver/Src/stm32f1xx_hal_tim.o
                0x0000000008003474                HAL_TIM_Base_Start
 .text.HAL_TIM_Base_Start_IT
                0x00000000080034c0       0x54 ./Drivers/STM32F1xx_HAL_Driver/Src/stm32f1xx_hal_tim.o
                0x00000000080034c0                HAL_TIM_Base_Start_IT
 .text.HAL_TIM_OC_DelayElapsedCallback
                0x0000000008003514        0x2 ./Drivers/STM32F1xx_HAL_Driver/Src/stm32f1xx_hal_tim.o
                0x0000000008003514                HAL_TIM_OC_DelayElapsedCallback
 .text.HAL_TIM_IC_CaptureCallback
                0x0000000008003516        0x2 ./Drivers/STM32F1xx_HAL_Driver/Src/stm32f1xx_hal_tim.o
                0x0000000008003516                HAL_TIM_IC_CaptureCallback
 .text.HAL_TIM_PWM_PulseFinishedCallback
                0x0000000008003518        0x2 ./Drivers/STM32F1xx_HAL_Driver/Src/stm32f1xx_hal_tim.o
                0x0000000008003518                HAL_TIM_PWM_PulseFinishedCallback
 .text.HAL_TIM_TriggerCallback
                0x000000000800351a        0x2 ./Drivers/STM32F1xx_HAL_Driver/Src/stm32f1xx_hal_tim.o
                0x000000000800351a                HAL_TIM_TriggerCallback
 .text.HAL_TIM_IRQHandler
                0x000000000800351c      0x144 ./Drivers/STM32F1xx_HAL_Driver/Src/stm32f1xx_hal_tim.o
                0x000000000800351c                HAL_TIM_IRQHandler
 .text.TIM_Base_SetConfig
                0x0000000008003660       0x70 ./Drivers/STM32F1xx_HAL_Driver/Src/stm32f1xx_hal_tim.o
                0x0000000008003660                TIM_Base_SetConfig
 .text.HAL_TIM_Base_Init
                0x00000000080036d0       0x58 ./Drivers/STM32F1xx_HAL_Driver/Src/stm32f1xx_hal_tim.o
                0x00000000080036d0                HAL_TIM_Base_Init
 .text.TIM_ETR_SetConfig
                0x0000000008003728       0x14 ./Drivers/STM32F1xx_HAL_Driver/Src/stm32f1xx_hal_tim.o
                0x0000000008003728                TIM_ETR_SetConfig
 .text.HAL_TIM_ConfigClockSource
                0x000000000800373c      0x132 ./Drivers/STM32F1xx_HAL_Driver/Src/stm32f1xx_hal_tim.o
                0x000000000800373c                HAL_TIM_ConfigClockSource
 *fill*         0x000000000800386e        0x2 
 .text.HAL_TIMEx_MasterConfigSynchronization
                0x0000000008003870       0x5c ./Drivers/STM32F1xx_HAL_Driver/Src/stm32f1xx_hal_tim_ex.o
                0x0000000008003870                HAL_TIMEx_MasterConfigSynchronization
 .text.HAL_TIMEx_CommutCallback
                0x00000000080038cc        0x2 ./Drivers/STM32F1xx_HAL_Driver/Src/stm32f1xx_hal_tim_ex.o
                0x00000000080038cc                HAL_TIMEx_CommutCallback
 .text.HAL_TIMEx_BreakCallback
                0x00000000080038ce        0x2 ./Drivers/STM32F1xx_HAL_Driver/Src/stm32f1xx_hal_tim_ex.o
                0x00000000080038ce                HAL_TIMEx_BreakCallback
 .text.UART_EndRxTransfer
                0x00000000080038d0       0x5c ./Drivers/STM32F1xx_HAL_Driver/Src/stm32f1xx_hal_uart.o
 .text.UART_SetConfig
                0x000000000800392c       0x74 ./Drivers/STM32F1xx_HAL_Driver/Src/stm32f1xx_hal_uart.o
 .text.HAL_UART_Init
                0x00000000080039a0       0x5e ./Drivers/STM32F1xx_HAL_Driver/Src/stm32f1xx_hal_uart.o
                0x00000000080039a0                HAL_UART_Init
 .text.HAL_UART_TxCpltCallback
                0x00000000080039fe        0x2 ./Drivers/STM32F1xx_HAL_Driver/Src/stm32f1xx_hal_uart.o
                0x00000000080039fe                HAL_UART_TxCpltCallback
 .text.HAL_UART_ErrorCallback
                0x0000000008003a00        0x2 ./Drivers/STM32F1xx_HAL_Driver/Src/stm32f1xx_hal_uart.o
                0x0000000008003a00                HAL_UART_ErrorCallback
 .text.UART_DMAAbortOnError
                0x0000000008003a02       0x10 ./Drivers/STM32F1xx_HAL_Driver/Src/stm32f1xx_hal_uart.o
 .text.HAL_UARTEx_RxEventCallback
                0x0000000008003a12        0x2 ./Drivers/STM32F1xx_HAL_Driver/Src/stm32f1xx_hal_uart.o
                0x0000000008003a12                HAL_UARTEx_RxEventCallback
 .text.UART_Receive_IT.isra.0
                0x0000000008003a14       0xb6 ./Drivers/STM32F1xx_HAL_Driver/Src/stm32f1xx_hal_uart.o
 *fill*         0x0000000008003aca        0x2 
 .text.HAL_UART_IRQHandler
                0x0000000008003acc      0x294 ./Drivers/STM32F1xx_HAL_Driver/Src/stm32f1xx_hal_uart.o
                0x0000000008003acc                HAL_UART_IRQHandler
 .text.UART_Start_Receive_IT
                0x0000000008003d60       0x32 ./Drivers/STM32F1xx_HAL_Driver/Src/stm32f1xx_hal_uart.o
                0x0000000008003d60                UART_Start_Receive_IT
 .text.HAL_UART_Receive_IT
                0x0000000008003d92       0x22 ./Drivers/STM32F1xx_HAL_Driver/Src/stm32f1xx_hal_uart.o
                0x0000000008003d92                HAL_UART_Receive_IT
 .text.USB_CoreInit
                0x0000000008003db4        0xe ./Drivers/STM32F1xx_HAL_Driver/Src/stm32f1xx_ll_usb.o
                0x0000000008003db4                USB_CoreInit
 .text.USB_EnableGlobalInt
                0x0000000008003dc2       0x12 ./Drivers/STM32F1xx_HAL_Driver/Src/stm32f1xx_ll_usb.o
                0x0000000008003dc2                USB_EnableGlobalInt
 .text.USB_DisableGlobalInt
                0x0000000008003dd4       0x14 ./Drivers/STM32F1xx_HAL_Driver/Src/stm32f1xx_ll_usb.o
                0x0000000008003dd4                USB_DisableGlobalInt
 .text.USB_SetCurrentMode
                0x0000000008003de8        0x4 ./Drivers/STM32F1xx_HAL_Driver/Src/stm32f1xx_ll_usb.o
                0x0000000008003de8                USB_SetCurrentMode
 .text.USB_DevInit
                0x0000000008003dec       0x28 ./Drivers/STM32F1xx_HAL_Driver/Src/stm32f1xx_ll_usb.o
                0x0000000008003dec                USB_DevInit
 .text.USB_ActivateEndpoint
                0x0000000008003e14      0x2c0 ./Drivers/STM32F1xx_HAL_Driver/Src/stm32f1xx_ll_usb.o
                0x0000000008003e14                USB_ActivateEndpoint
 .text.USB_DeactivateEndpoint
                0x00000000080040d4      0x1a6 ./Drivers/STM32F1xx_HAL_Driver/Src/stm32f1xx_ll_usb.o
                0x00000000080040d4                USB_DeactivateEndpoint
 .text.USB_EPSetStall
                0x000000000800427a       0x40 ./Drivers/STM32F1xx_HAL_Driver/Src/stm32f1xx_ll_usb.o
                0x000000000800427a                USB_EPSetStall
 .text.USB_EPClearStall
                0x00000000080042ba       0x92 ./Drivers/STM32F1xx_HAL_Driver/Src/stm32f1xx_ll_usb.o
                0x00000000080042ba                USB_EPClearStall
 .text.USB_SetDevAddress
                0x000000000800434c        0xc ./Drivers/STM32F1xx_HAL_Driver/Src/stm32f1xx_ll_usb.o
                0x000000000800434c                USB_SetDevAddress
 .text.USB_DevConnect
                0x0000000008004358        0x4 ./Drivers/STM32F1xx_HAL_Driver/Src/stm32f1xx_ll_usb.o
                0x0000000008004358                USB_DevConnect
 .text.USB_DevDisconnect
                0x000000000800435c        0x4 ./Drivers/STM32F1xx_HAL_Driver/Src/stm32f1xx_ll_usb.o
                0x000000000800435c                USB_DevDisconnect
 .text.USB_ReadInterrupts
                0x0000000008004360        0x8 ./Drivers/STM32F1xx_HAL_Driver/Src/stm32f1xx_ll_usb.o
                0x0000000008004360                USB_ReadInterrupts
 .text.USB_EP0_OutStart
                0x0000000008004368        0x4 ./Drivers/STM32F1xx_HAL_Driver/Src/stm32f1xx_ll_usb.o
                0x0000000008004368                USB_EP0_OutStart
 .text.USB_WritePMA
                0x000000000800436c       0x20 ./Drivers/STM32F1xx_HAL_Driver/Src/stm32f1xx_ll_usb.o
                0x000000000800436c                USB_WritePMA
 .text.USB_EPStartXfer
                0x000000000800438c      0x430 ./Drivers/STM32F1xx_HAL_Driver/Src/stm32f1xx_ll_usb.o
                0x000000000800438c                USB_EPStartXfer
 .text.USB_ReadPMA
                0x00000000080047bc       0x38 ./Drivers/STM32F1xx_HAL_Driver/Src/stm32f1xx_ll_usb.o
                0x00000000080047bc                USB_ReadPMA
 .text.USBD_CDC_EP0_RxReady
                0x00000000080047f4       0x28 ./Middlewares/ST/STM32_USB_Device_Library/Class/CDC/Src/usbd_cdc.o
 .text.USBD_CDC_GetFSCfgDesc
                0x000000000800481c        0xc ./Middlewares/ST/STM32_USB_Device_Library/Class/CDC/Src/usbd_cdc.o
 .text.USBD_CDC_GetHSCfgDesc
                0x0000000008004828        0xc ./Middlewares/ST/STM32_USB_Device_Library/Class/CDC/Src/usbd_cdc.o
 .text.USBD_CDC_GetOtherSpeedCfgDesc
                0x0000000008004834        0xc ./Middlewares/ST/STM32_USB_Device_Library/Class/CDC/Src/usbd_cdc.o
 .text.USBD_CDC_GetDeviceQualifierDescriptor
                0x0000000008004840        0xc ./Middlewares/ST/STM32_USB_Device_Library/Class/CDC/Src/usbd_cdc.o
                0x0000000008004840                USBD_CDC_GetDeviceQualifierDescriptor
 .text.USBD_CDC_DataOut
                0x000000000800484c       0x2e ./Middlewares/ST/STM32_USB_Device_Library/Class/CDC/Src/usbd_cdc.o
 .text.USBD_CDC_DataIn
                0x000000000800487a       0x42 ./Middlewares/ST/STM32_USB_Device_Library/Class/CDC/Src/usbd_cdc.o
 .text.USBD_CDC_Setup
                0x00000000080048bc       0xb6 ./Middlewares/ST/STM32_USB_Device_Library/Class/CDC/Src/usbd_cdc.o
 .text.USBD_CDC_DeInit
                0x0000000008004972       0x42 ./Middlewares/ST/STM32_USB_Device_Library/Class/CDC/Src/usbd_cdc.o
 .text.USBD_CDC_Init
                0x00000000080049b4       0xa0 ./Middlewares/ST/STM32_USB_Device_Library/Class/CDC/Src/usbd_cdc.o
 .text.USBD_CDC_RegisterInterface
                0x0000000008004a54        0xe ./Middlewares/ST/STM32_USB_Device_Library/Class/CDC/Src/usbd_cdc.o
                0x0000000008004a54                USBD_CDC_RegisterInterface
 .text.USBD_CDC_SetTxBuffer
                0x0000000008004a62       0x10 ./Middlewares/ST/STM32_USB_Device_Library/Class/CDC/Src/usbd_cdc.o
                0x0000000008004a62                USBD_CDC_SetTxBuffer
 .text.USBD_CDC_SetRxBuffer
                0x0000000008004a72        0xc ./Middlewares/ST/STM32_USB_Device_Library/Class/CDC/Src/usbd_cdc.o
                0x0000000008004a72                USBD_CDC_SetRxBuffer
 .text.USBD_CDC_TransmitPacket
                0x0000000008004a7e       0x32 ./Middlewares/ST/STM32_USB_Device_Library/Class/CDC/Src/usbd_cdc.o
                0x0000000008004a7e                USBD_CDC_TransmitPacket
 .text.USBD_CDC_ReceivePacket
                0x0000000008004ab0       0x2e ./Middlewares/ST/STM32_USB_Device_Library/Class/CDC/Src/usbd_cdc.o
                0x0000000008004ab0                USBD_CDC_ReceivePacket
 .text.USBD_Init
                0x0000000008004ade       0x2a ./Middlewares/ST/STM32_USB_Device_Library/Core/Src/usbd_core.o
                0x0000000008004ade                USBD_Init
 .text.USBD_RegisterClass
                0x0000000008004b08        0xe ./Middlewares/ST/STM32_USB_Device_Library/Core/Src/usbd_core.o
                0x0000000008004b08                USBD_RegisterClass
 .text.USBD_Start
                0x0000000008004b16        0xa ./Middlewares/ST/STM32_USB_Device_Library/Core/Src/usbd_core.o
                0x0000000008004b16                USBD_Start
 .text.USBD_SetClassConfig
                0x0000000008004b20       0x1a ./Middlewares/ST/STM32_USB_Device_Library/Core/Src/usbd_core.o
                0x0000000008004b20                USBD_SetClassConfig
 .text.USBD_ClrClassConfig
                0x0000000008004b3a        0xe ./Middlewares/ST/STM32_USB_Device_Library/Core/Src/usbd_core.o
                0x0000000008004b3a                USBD_ClrClassConfig
 .text.USBD_LL_SetupStage
                0x0000000008004b48       0x5a ./Middlewares/ST/STM32_USB_Device_Library/Core/Src/usbd_core.o
                0x0000000008004b48                USBD_LL_SetupStage
 .text.USBD_LL_DataOutStage
                0x0000000008004ba2       0x74 ./Middlewares/ST/STM32_USB_Device_Library/Core/Src/usbd_core.o
                0x0000000008004ba2                USBD_LL_DataOutStage
 .text.USBD_LL_DataInStage
                0x0000000008004c16       0xb6 ./Middlewares/ST/STM32_USB_Device_Library/Core/Src/usbd_core.o
                0x0000000008004c16                USBD_LL_DataInStage
 .text.USBD_LL_Reset
                0x0000000008004ccc       0x4e ./Middlewares/ST/STM32_USB_Device_Library/Core/Src/usbd_core.o
                0x0000000008004ccc                USBD_LL_Reset
 .text.USBD_LL_SetSpeed
                0x0000000008004d1a        0x6 ./Middlewares/ST/STM32_USB_Device_Library/Core/Src/usbd_core.o
                0x0000000008004d1a                USBD_LL_SetSpeed
 .text.USBD_LL_Suspend
                0x0000000008004d20       0x12 ./Middlewares/ST/STM32_USB_Device_Library/Core/Src/usbd_core.o
                0x0000000008004d20                USBD_LL_Suspend
 .text.USBD_LL_Resume
                0x0000000008004d32       0x14 ./Middlewares/ST/STM32_USB_Device_Library/Core/Src/usbd_core.o
                0x0000000008004d32                USBD_LL_Resume
 .text.USBD_LL_SOF
                0x0000000008004d46       0x18 ./Middlewares/ST/STM32_USB_Device_Library/Core/Src/usbd_core.o
                0x0000000008004d46                USBD_LL_SOF
 .text.USBD_CtlError.constprop.0
                0x0000000008004d5e       0x16 ./Middlewares/ST/STM32_USB_Device_Library/Core/Src/usbd_ctlreq.o
 .text.USBD_StdDevReq
                0x0000000008004d74      0x250 ./Middlewares/ST/STM32_USB_Device_Library/Core/Src/usbd_ctlreq.o
                0x0000000008004d74                USBD_StdDevReq
 .text.USBD_StdItfReq
                0x0000000008004fc4       0x48 ./Middlewares/ST/STM32_USB_Device_Library/Core/Src/usbd_ctlreq.o
                0x0000000008004fc4                USBD_StdItfReq
 .text.USBD_StdEPReq
                0x000000000800500c      0x110 ./Middlewares/ST/STM32_USB_Device_Library/Core/Src/usbd_ctlreq.o
                0x000000000800500c                USBD_StdEPReq
 .text.USBD_ParseSetupRequest
                0x000000000800511c       0x28 ./Middlewares/ST/STM32_USB_Device_Library/Core/Src/usbd_ctlreq.o
                0x000000000800511c                USBD_ParseSetupRequest
 .text.USBD_CtlError
                0x0000000008005144       0x16 ./Middlewares/ST/STM32_USB_Device_Library/Core/Src/usbd_ctlreq.o
                0x0000000008005144                USBD_CtlError
 .text.USBD_GetString
                0x000000000800515a       0x38 ./Middlewares/ST/STM32_USB_Device_Library/Core/Src/usbd_ctlreq.o
                0x000000000800515a                USBD_GetString
 .text.USBD_CtlSendData
                0x0000000008005192       0x1a ./Middlewares/ST/STM32_USB_Device_Library/Core/Src/usbd_ioreq.o
                0x0000000008005192                USBD_CtlSendData
 .text.USBD_CtlContinueSendData
                0x00000000080051ac       0x10 ./Middlewares/ST/STM32_USB_Device_Library/Core/Src/usbd_ioreq.o
                0x00000000080051ac                USBD_CtlContinueSendData
 .text.USBD_CtlPrepareRx
                0x00000000080051bc       0x1a ./Middlewares/ST/STM32_USB_Device_Library/Core/Src/usbd_ioreq.o
                0x00000000080051bc                USBD_CtlPrepareRx
 .text.USBD_CtlContinueRx
                0x00000000080051d6       0x10 ./Middlewares/ST/STM32_USB_Device_Library/Core/Src/usbd_ioreq.o
                0x00000000080051d6                USBD_CtlContinueRx
 .text.USBD_CtlSendStatus
                0x00000000080051e6       0x16 ./Middlewares/ST/STM32_USB_Device_Library/Core/Src/usbd_ioreq.o
                0x00000000080051e6                USBD_CtlSendStatus
 .text.USBD_CtlReceiveStatus
                0x00000000080051fc       0x16 ./Middlewares/ST/STM32_USB_Device_Library/Core/Src/usbd_ioreq.o
                0x00000000080051fc                USBD_CtlReceiveStatus
 *fill*         0x0000000008005212        0x2 
 .text.MX_USB_DEVICE_Init
                0x0000000008005214       0x50 ./USB_DEVICE/App/usb_device.o
                0x0000000008005214                MX_USB_DEVICE_Init
 .text.CDC_DeInit_FS
                0x0000000008005264        0x4 ./USB_DEVICE/App/usbd_cdc_if.o
 .text.CDC_Control_FS
                0x0000000008005268        0x4 ./USB_DEVICE/App/usbd_cdc_if.o
 .text.CDC_Receive_FS
                0x000000000800526c       0x28 ./USB_DEVICE/App/usbd_cdc_if.o
 .text.CDC_Init_FS
                0x0000000008005294       0x28 ./USB_DEVICE/App/usbd_cdc_if.o
 .text.CDC_Transmit_FS
                0x00000000080052bc       0x2c ./USB_DEVICE/App/usbd_cdc_if.o
                0x00000000080052bc                CDC_Transmit_FS
 .text.CDC_Attach_RxFun
                0x00000000080052e8        0xc ./USB_DEVICE/App/usbd_cdc_if.o
                0x00000000080052e8                CDC_Attach_RxFun
 .text.USBD_FS_DeviceDescriptor
                0x00000000080052f4        0xc ./USB_DEVICE/App/usbd_desc.o
                0x00000000080052f4                USBD_FS_DeviceDescriptor
 .text.USBD_FS_LangIDStrDescriptor
                0x0000000008005300        0xc ./USB_DEVICE/App/usbd_desc.o
                0x0000000008005300                USBD_FS_LangIDStrDescriptor
 .text.IntToUnicode
                0x000000000800530c       0x2a ./USB_DEVICE/App/usbd_desc.o
 *fill*         0x0000000008005336        0x2 
 .text.USBD_FS_SerialStrDescriptor
                0x0000000008005338       0x3c ./USB_DEVICE/App/usbd_desc.o
                0x0000000008005338                USBD_FS_SerialStrDescriptor
 .text.USBD_FS_ManufacturerStrDescriptor
                0x0000000008005374       0x1c ./USB_DEVICE/App/usbd_desc.o
                0x0000000008005374                USBD_FS_ManufacturerStrDescriptor
 .text.USBD_FS_ProductStrDescriptor
                0x0000000008005390       0x1c ./USB_DEVICE/App/usbd_desc.o
                0x0000000008005390                USBD_FS_ProductStrDescriptor
 .text.USBD_FS_ConfigStrDescriptor
                0x00000000080053ac       0x1c ./USB_DEVICE/App/usbd_desc.o
                0x00000000080053ac                USBD_FS_ConfigStrDescriptor
 .text.USBD_FS_InterfaceStrDescriptor
                0x00000000080053c8       0x1c ./USB_DEVICE/App/usbd_desc.o
                0x00000000080053c8                USBD_FS_InterfaceStrDescriptor
 .text.USBD_Get_USB_Status
                0x00000000080053e4       0x10 ./USB_DEVICE/Target/usbd_conf.o
 .text.HAL_PCD_MspInit
                0x00000000080053f4       0x40 ./USB_DEVICE/Target/usbd_conf.o
                0x00000000080053f4                HAL_PCD_MspInit
 .text.HAL_PCD_SetupStageCallback
                0x0000000008005434        0xc ./USB_DEVICE/Target/usbd_conf.o
                0x0000000008005434                HAL_PCD_SetupStageCallback
 .text.HAL_PCD_DataOutStageCallback
                0x0000000008005440       0x12 ./USB_DEVICE/Target/usbd_conf.o
                0x0000000008005440                HAL_PCD_DataOutStageCallback
 .text.HAL_PCD_DataInStageCallback
                0x0000000008005452       0x10 ./USB_DEVICE/Target/usbd_conf.o
                0x0000000008005452                HAL_PCD_DataInStageCallback
 .text.HAL_PCD_SOFCallback
                0x0000000008005462        0x8 ./USB_DEVICE/Target/usbd_conf.o
                0x0000000008005462                HAL_PCD_SOFCallback
 .text.HAL_PCD_ResetCallback
                0x000000000800546a       0x24 ./USB_DEVICE/Target/usbd_conf.o
                0x000000000800546a                HAL_PCD_ResetCallback
 *fill*         0x000000000800548e        0x2 
 .text.HAL_PCD_SuspendCallback
                0x0000000008005490       0x20 ./USB_DEVICE/Target/usbd_conf.o
                0x0000000008005490                HAL_PCD_SuspendCallback
 .text.HAL_PCD_ResumeCallback
                0x00000000080054b0        0x8 ./USB_DEVICE/Target/usbd_conf.o
                0x00000000080054b0                HAL_PCD_ResumeCallback
 .text.USBD_LL_Init
                0x00000000080054b8       0x84 ./USB_DEVICE/Target/usbd_conf.o
                0x00000000080054b8                USBD_LL_Init
 .text.USBD_LL_Start
                0x000000000800553c       0x12 ./USB_DEVICE/Target/usbd_conf.o
                0x000000000800553c                USBD_LL_Start
 .text.USBD_LL_OpenEP
                0x000000000800554e       0x18 ./USB_DEVICE/Target/usbd_conf.o
                0x000000000800554e                USBD_LL_OpenEP
 .text.USBD_LL_CloseEP
                0x0000000008005566       0x12 ./USB_DEVICE/Target/usbd_conf.o
                0x0000000008005566                USBD_LL_CloseEP
 .text.USBD_LL_StallEP
                0x0000000008005578       0x12 ./USB_DEVICE/Target/usbd_conf.o
                0x0000000008005578                USBD_LL_StallEP
 .text.USBD_LL_ClearStallEP
                0x000000000800558a       0x12 ./USB_DEVICE/Target/usbd_conf.o
                0x000000000800558a                USBD_LL_ClearStallEP
 .text.USBD_LL_IsStallEP
                0x000000000800559c       0x24 ./USB_DEVICE/Target/usbd_conf.o
                0x000000000800559c                USBD_LL_IsStallEP
 .text.USBD_LL_SetUSBAddress
                0x00000000080055c0       0x12 ./USB_DEVICE/Target/usbd_conf.o
                0x00000000080055c0                USBD_LL_SetUSBAddress
 .text.USBD_LL_Transmit
                0x00000000080055d2       0x12 ./USB_DEVICE/Target/usbd_conf.o
                0x00000000080055d2                USBD_LL_Transmit
 .text.USBD_LL_PrepareReceive
                0x00000000080055e4       0x12 ./USB_DEVICE/Target/usbd_conf.o
                0x00000000080055e4                USBD_LL_PrepareReceive
 .text.USBD_LL_GetRxDataSize
                0x00000000080055f6        0x8 ./USB_DEVICE/Target/usbd_conf.o
                0x00000000080055f6                USBD_LL_GetRxDataSize
 *fill*         0x00000000080055fe        0x2 
 .text.USBD_static_malloc
                0x0000000008005600        0x8 ./USB_DEVICE/Target/usbd_conf.o
                0x0000000008005600                USBD_static_malloc
 .text.USBD_static_free
                0x0000000008005608        0x2 ./USB_DEVICE/Target/usbd_conf.o
                0x0000000008005608                USBD_static_free
 .text.HAL_PCDEx_SetConnectionState
                0x000000000800560a        0x2 ./USB_DEVICE/Target/usbd_conf.o
                0x000000000800560a                HAL_PCDEx_SetConnectionState
 .text.__itoa   0x000000000800560c       0x30 C:/ST/STM32CubeIDE_1.13.1/STM32CubeIDE/plugins/com.st.stm32cube.ide.mcu.externaltools.gnu-tools-for-stm32.11.3.rel1.win32_1.1.0.202305231506/tools/bin/../lib/gcc/arm-none-eabi/11.3.1/../../../../arm-none-eabi/lib/thumb/v7-m/nofp\libc_nano.a(libc_a-itoa.o)
                0x000000000800560c                __itoa
 .text.itoa     0x000000000800563c        0x4 C:/ST/STM32CubeIDE_1.13.1/STM32CubeIDE/plugins/com.st.stm32cube.ide.mcu.externaltools.gnu-tools-for-stm32.11.3.rel1.win32_1.1.0.202305231506/tools/bin/../lib/gcc/arm-none-eabi/11.3.1/../../../../arm-none-eabi/lib/thumb/v7-m/nofp\libc_nano.a(libc_a-itoa.o)
                0x000000000800563c                itoa
 .text.__utoa   0x0000000008005640       0x84 C:/ST/STM32CubeIDE_1.13.1/STM32CubeIDE/plugins/com.st.stm32cube.ide.mcu.externaltools.gnu-tools-for-stm32.11.3.rel1.win32_1.1.0.202305231506/tools/bin/../lib/gcc/arm-none-eabi/11.3.1/../../../../arm-none-eabi/lib/thumb/v7-m/nofp\libc_nano.a(libc_a-utoa.o)
                0x0000000008005640                __utoa
 .text.memset   0x00000000080056c4       0x10 C:/ST/STM32CubeIDE_1.13.1/STM32CubeIDE/plugins/com.st.stm32cube.ide.mcu.externaltools.gnu-tools-for-stm32.11.3.rel1.win32_1.1.0.202305231506/tools/bin/../lib/gcc/arm-none-eabi/11.3.1/../../../../arm-none-eabi/lib/thumb/v7-m/nofp\libc_nano.a(libc_a-memset.o)
                0x00000000080056c4                memset
 .text.strncpy  0x00000000080056d4       0x26 C:/ST/STM32CubeIDE_1.13.1/STM32CubeIDE/plugins/com.st.stm32cube.ide.mcu.externaltools.gnu-tools-for-stm32.11.3.rel1.win32_1.1.0.202305231506/tools/bin/../lib/gcc/arm-none-eabi/11.3.1/../../../../arm-none-eabi/lib/thumb/v7-m/nofp\libc_nano.a(libc_a-strncpy.o)
                0x00000000080056d4                strncpy
 *fill*         0x00000000080056fa        0x2 
 .text.__libc_init_array
                0x00000000080056fc       0x48 C:/ST/STM32CubeIDE_1.13.1/STM32CubeIDE/plugins/com.st.stm32cube.ide.mcu.externaltools.gnu-tools-for-stm32.11.3.rel1.win32_1.1.0.202305231506/tools/bin/../lib/gcc/arm-none-eabi/11.3.1/../../../../arm-none-eabi/lib/thumb/v7-m/nofp\libc_nano.a(libc_a-init.o)
                0x00000000080056fc                __libc_init_array
 .text.strcpy   0x0000000008005744       0x10 C:/ST/STM32CubeIDE_1.13.1/STM32CubeIDE/plugins/com.st.stm32cube.ide.mcu.externaltools.gnu-tools-for-stm32.11.3.rel1.win32_1.1.0.202305231506/tools/bin/../lib/gcc/arm-none-eabi/11.3.1/../../../../arm-none-eabi/lib/thumb/v7-m/nofp\libc_nano.a(libc_a-strcpy.o)
                0x0000000008005744                strcpy
 *(.glue_7)
 .glue_7        0x0000000008005754        0x0 linker stubs
 *(.glue_7t)
 .glue_7t       0x0000000008005754        0x0 linker stubs
 *(.eh_frame)
 .eh_frame      0x0000000008005754        0x0 C:/ST/STM32CubeIDE_1.13.1/STM32CubeIDE/plugins/com.st.stm32cube.ide.mcu.externaltools.gnu-tools-for-stm32.11.3.rel1.win32_1.1.0.202305231506/tools/bin/../lib/gcc/arm-none-eabi/11.3.1/thumb/v7-m/nofp/crtbegin.o
 *(.init)
 .init          0x0000000008005754        0x4 C:/ST/STM32CubeIDE_1.13.1/STM32CubeIDE/plugins/com.st.stm32cube.ide.mcu.externaltools.gnu-tools-for-stm32.11.3.rel1.win32_1.1.0.202305231506/tools/bin/../lib/gcc/arm-none-eabi/11.3.1/thumb/v7-m/nofp/crti.o
                0x0000000008005754                _init
 .init          0x0000000008005758        0x8 C:/ST/STM32CubeIDE_1.13.1/STM32CubeIDE/plugins/com.st.stm32cube.ide.mcu.externaltools.gnu-tools-for-stm32.11.3.rel1.win32_1.1.0.202305231506/tools/bin/../lib/gcc/arm-none-eabi/11.3.1/thumb/v7-m/nofp/crtn.o
 *(.fini)
 .fini          0x0000000008005760        0x4 C:/ST/STM32CubeIDE_1.13.1/STM32CubeIDE/plugins/com.st.stm32cube.ide.mcu.externaltools.gnu-tools-for-stm32.11.3.rel1.win32_1.1.0.202305231506/tools/bin/../lib/gcc/arm-none-eabi/11.3.1/thumb/v7-m/nofp/crti.o
                0x0000000008005760                _fini
 .fini          0x0000000008005764        0x8 C:/ST/STM32CubeIDE_1.13.1/STM32CubeIDE/plugins/com.st.stm32cube.ide.mcu.externaltools.gnu-tools-for-stm32.11.3.rel1.win32_1.1.0.202305231506/tools/bin/../lib/gcc/arm-none-eabi/11.3.1/thumb/v7-m/nofp/crtn.o
                0x000000000800576c                . = ALIGN (0x4)
                0x000000000800576c                _etext = .

.vfp11_veneer   0x000000000800576c        0x0
 .vfp11_veneer  0x000000000800576c        0x0 linker stubs

.v4_bx          0x000000000800576c        0x0
 .v4_bx         0x000000000800576c        0x0 linker stubs

.iplt           0x000000000800576c        0x0
 .iplt          0x000000000800576c        0x0 C:/ST/STM32CubeIDE_1.13.1/STM32CubeIDE/plugins/com.st.stm32cube.ide.mcu.externaltools.gnu-tools-for-stm32.11.3.rel1.win32_1.1.0.202305231506/tools/bin/../lib/gcc/arm-none-eabi/11.3.1/thumb/v7-m/nofp/crtbegin.o

.rodata         0x000000000800576c      0x3d8
                0x000000000800576c                . = ALIGN (0x4)
 *(.rodata)
 *(.rodata*)
 .rodata.ESP01_StartUDP.str1.1
                0x000000000800576c        0x4 ./Core/Src/ESP01.o
 .rodata.ESP01_Send.str1.1
                0x0000000008005770       0x2e ./Core/Src/ESP01.o
                                         0x30 (size before relaxing)
 .rodata.ESP01_Task.str1.1
                0x000000000800579e       0xee ./Core/Src/ESP01.o
 .rodata.ATAT   0x000000000800588c        0x5 ./Core/Src/ESP01.o
                0x000000000800588c                ATAT
 .rodata.ATCIFSR
                0x0000000008005891        0xb ./Core/Src/ESP01.o
                0x0000000008005891                ATCIFSR
 .rodata.ATCIPCLOSE
                0x000000000800589c        0xe ./Core/Src/ESP01.o
                0x000000000800589c                ATCIPCLOSE
 .rodata.ATCIPMUX
                0x00000000080058aa        0xe ./Core/Src/ESP01.o
                0x00000000080058aa                ATCIPMUX
 .rodata.ATCIPSEND
                0x00000000080058b8        0xc ./Core/Src/ESP01.o
                0x00000000080058b8                ATCIPSEND
 .rodata.ATCIPSTART
                0x00000000080058c4        0xd ./Core/Src/ESP01.o
                0x00000000080058c4                ATCIPSTART
 .rodata.ATCWJAP
                0x00000000080058d1        0xa ./Core/Src/ESP01.o
                0x00000000080058d1                ATCWJAP
 .rodata.ATCWMODE
                0x00000000080058db        0xe ./Core/Src/ESP01.o
                0x00000000080058db                ATCWMODE
 .rodata.respAT
                0x00000000080058e9        0x8 ./Core/Src/ESP01.o
                0x00000000080058e9                respAT
 .rodata.respATp
                0x00000000080058f1        0x8 ./Core/Src/ESP01.o
                0x00000000080058f1                respATp
 .rodata.respBUSY
                0x00000000080058f9        0xb ./Core/Src/ESP01.o
                0x00000000080058f9                respBUSY
 .rodata.respBUSYP
                0x0000000008005904        0xb ./Core/Src/ESP01.o
                0x0000000008005904                respBUSYP
 .rodata.respBUSYS
                0x000000000800590f        0xb ./Core/Src/ESP01.o
                0x000000000800590f                respBUSYS
 .rodata.respCIFSRAPIP
                0x000000000800591a       0x11 ./Core/Src/ESP01.o
                0x000000000800591a                respCIFSRAPIP
 .rodata.respCLOSED
                0x000000000800592b        0xd ./Core/Src/ESP01.o
                0x000000000800592b                respCLOSED
 .rodata.respCONNECT
                0x0000000008005938        0xe ./Core/Src/ESP01.o
                0x0000000008005938                respCONNECT
 .rodata.respDISCONNECTED
                0x0000000008005946       0x13 ./Core/Src/ESP01.o
                0x0000000008005946                respDISCONNECTED
 .rodata.respERROR
                0x0000000008005959        0xc ./Core/Src/ESP01.o
                0x0000000008005959                respERROR
 .rodata.respIPD
                0x0000000008005965        0x9 ./Core/Src/ESP01.o
                0x0000000008005965                respIPD
 .rodata.respOK
                0x000000000800596e        0x9 ./Core/Src/ESP01.o
                0x000000000800596e                respOK
 .rodata.respReady
                0x0000000008005977        0xc ./Core/Src/ESP01.o
                0x0000000008005977                respReady
 .rodata.respSENDOK
                0x0000000008005983        0xe ./Core/Src/ESP01.o
                0x0000000008005983                respSENDOK
 .rodata.respWIFICONNECTED
                0x0000000008005991       0x15 ./Core/Src/ESP01.o
                0x0000000008005991                respWIFICONNECTED
 .rodata.respWIFIDISCONNECT
                0x00000000080059a6       0x16 ./Core/Src/ESP01.o
                0x00000000080059a6                respWIFIDISCONNECT
 .rodata.respWIFIDISCONNECTED
                0x00000000080059bc       0x18 ./Core/Src/ESP01.o
                0x00000000080059bc                respWIFIDISCONNECTED
 .rodata.respWIFIGOTIP
                0x00000000080059d4       0x12 ./Core/Src/ESP01.o
                0x00000000080059d4                respWIFIGOTIP
 *fill*         0x00000000080059e6        0x2 
 .rodata.responses
                0x00000000080059e8       0x4c ./Core/Src/ESP01.o
                0x00000000080059e8                responses
 .rodata.GetESP01StateChange.str1.1
                0x0000000008005a34       0x3f ./Core/Src/main.o
                                         0x41 (size before relaxing)
 .rodata.FIRMWAREVERSION
                0x0000000008005a73        0xe ./Core/Src/main.o
                0x0000000008005a73                FIRMWAREVERSION
 .rodata.PASSWORD
                0x0000000008005a81        0xf ./Core/Src/main.o
                0x0000000008005a81                PASSWORD
 .rodata.RemoteIP
                0x0000000008005a90        0xf ./Core/Src/main.o
                0x0000000008005a90                RemoteIP
 .rodata.SSID   0x0000000008005a9f        0xe ./Core/Src/main.o
                0x0000000008005a9f                SSID
 .rodata.AHBPrescTable
                0x0000000008005aad       0x10 ./Core/Src/system_stm32f1xx.o
                0x0000000008005aad                AHBPrescTable
 .rodata.APBPrescTable
                0x0000000008005abd        0x8 ./Core/Src/system_stm32f1xx.o
                0x0000000008005abd                APBPrescTable
 .rodata.aPLLMULFactorTable.1
                0x0000000008005ac5       0x10 ./Drivers/STM32F1xx_HAL_Driver/Src/stm32f1xx_hal_rcc.o
 .rodata.aPredivFactorTable.0
                0x0000000008005ad5        0x2 ./Drivers/STM32F1xx_HAL_Driver/Src/stm32f1xx_hal_rcc.o
 .rodata.USBD_FS_ManufacturerStrDescriptor.str1.1
                0x0000000008005ad7       0x13 ./USB_DEVICE/App/usbd_desc.o
 .rodata.USBD_FS_ProductStrDescriptor.str1.1
                0x0000000008005aea       0x16 ./USB_DEVICE/App/usbd_desc.o
 .rodata.USBD_FS_ConfigStrDescriptor.str1.1
                0x0000000008005b00        0xb ./USB_DEVICE/App/usbd_desc.o
 .rodata.USBD_FS_InterfaceStrDescriptor.str1.1
                0x0000000008005b0b        0xe ./USB_DEVICE/App/usbd_desc.o
 .rodata.CSWTCH.3
                0x0000000008005b19        0x4 ./USB_DEVICE/Target/usbd_conf.o
 .rodata.__utoa.str1.1
                0x0000000008005b1d       0x25 C:/ST/STM32CubeIDE_1.13.1/STM32CubeIDE/plugins/com.st.stm32cube.ide.mcu.externaltools.gnu-tools-for-stm32.11.3.rel1.win32_1.1.0.202305231506/tools/bin/../lib/gcc/arm-none-eabi/11.3.1/../../../../arm-none-eabi/lib/thumb/v7-m/nofp\libc_nano.a(libc_a-utoa.o)
                0x0000000008005b44                . = ALIGN (0x4)
 *fill*         0x0000000008005b42        0x2 

.rel.dyn        0x0000000008005b44        0x0
 .rel.iplt      0x0000000008005b44        0x0 C:/ST/STM32CubeIDE_1.13.1/STM32CubeIDE/plugins/com.st.stm32cube.ide.mcu.externaltools.gnu-tools-for-stm32.11.3.rel1.win32_1.1.0.202305231506/tools/bin/../lib/gcc/arm-none-eabi/11.3.1/thumb/v7-m/nofp/crtbegin.o

.ARM.extab      0x0000000008005b44        0x0
                0x0000000008005b44                . = ALIGN (0x4)
 *(.ARM.extab* .gnu.linkonce.armextab.*)
                0x0000000008005b44                . = ALIGN (0x4)

.ARM            0x0000000008005b44        0x0
                0x0000000008005b44                . = ALIGN (0x4)
                0x0000000008005b44                __exidx_start = .
 *(.ARM.exidx*)
                0x0000000008005b44                __exidx_end = .
                0x0000000008005b44                . = ALIGN (0x4)

.preinit_array  0x0000000008005b44        0x0
                0x0000000008005b44                . = ALIGN (0x4)
                0x0000000008005b44                PROVIDE (__preinit_array_start = .)
 *(.preinit_array*)
                0x0000000008005b44                PROVIDE (__preinit_array_end = .)
                0x0000000008005b44                . = ALIGN (0x4)

.init_array     0x0000000008005b44        0x4
                0x0000000008005b44                . = ALIGN (0x4)
                0x0000000008005b44                PROVIDE (__init_array_start = .)
 *(SORT_BY_NAME(.init_array.*))
 *(.init_array*)
 .init_array    0x0000000008005b44        0x4 C:/ST/STM32CubeIDE_1.13.1/STM32CubeIDE/plugins/com.st.stm32cube.ide.mcu.externaltools.gnu-tools-for-stm32.11.3.rel1.win32_1.1.0.202305231506/tools/bin/../lib/gcc/arm-none-eabi/11.3.1/thumb/v7-m/nofp/crtbegin.o
                0x0000000008005b48                PROVIDE (__init_array_end = .)
                0x0000000008005b48                . = ALIGN (0x4)

.fini_array     0x0000000008005b48        0x4
                0x0000000008005b48                . = ALIGN (0x4)
                [!provide]                        PROVIDE (__fini_array_start = .)
 *(SORT_BY_NAME(.fini_array.*))
 *(.fini_array*)
 .fini_array    0x0000000008005b48        0x4 C:/ST/STM32CubeIDE_1.13.1/STM32CubeIDE/plugins/com.st.stm32cube.ide.mcu.externaltools.gnu-tools-for-stm32.11.3.rel1.win32_1.1.0.202305231506/tools/bin/../lib/gcc/arm-none-eabi/11.3.1/thumb/v7-m/nofp/crtbegin.o
                [!provide]                        PROVIDE (__fini_array_end = .)
                0x0000000008005b4c                . = ALIGN (0x4)
                0x0000000008005b4c                _sidata = LOADADDR (.data)

.data           0x0000000020000000      0x18c load address 0x0000000008005b4c
                0x0000000020000000                . = ALIGN (0x4)
                0x0000000020000000                _sdata = .
 *(.data)
 *(.data*)
 .data.esp01PROTO
                0x0000000020000000        0x4 ./Core/Src/ESP01.o
 .data.LocalPORT
                0x0000000020000004        0x2 ./Core/Src/main.o
                0x0000000020000004                LocalPORT
 .data.RemotePORT
                0x0000000020000006        0x2 ./Core/Src/main.o
                0x0000000020000006                RemotePORT
 .data.SECUENCE_LED_FOLLOW_LINE
                0x0000000020000008        0x4 ./Core/Src/main.o
                0x0000000020000008                SECUENCE_LED_FOLLOW_LINE
 .data.SECUENCE_LED_IDLE
                0x000000002000000c        0x4 ./Core/Src/main.o
                0x000000002000000c                SECUENCE_LED_IDLE
 .data.SystemCoreClock
                0x0000000020000010        0x4 ./Core/Src/system_stm32f1xx.o
                0x0000000020000010                SystemCoreClock
 .data.uwTickFreq
                0x0000000020000014        0x1 ./Drivers/STM32F1xx_HAL_Driver/Src/stm32f1xx_hal.o
                0x0000000020000014                uwTickFreq
 *fill*         0x0000000020000015        0x3 
 .data.uwTickPrio
                0x0000000020000018        0x4 ./Drivers/STM32F1xx_HAL_Driver/Src/stm32f1xx_hal.o
                0x0000000020000018                uwTickPrio
 .data.USBD_CDC
                0x000000002000001c       0x38 ./Middlewares/ST/STM32_USB_Device_Library/Class/CDC/Src/usbd_cdc.o
                0x000000002000001c                USBD_CDC
 .data.USBD_CDC_CfgFSDesc
                0x0000000020000054       0x43 ./Middlewares/ST/STM32_USB_Device_Library/Class/CDC/Src/usbd_cdc.o
                0x0000000020000054                USBD_CDC_CfgFSDesc
 *fill*         0x0000000020000097        0x1 
 .data.USBD_CDC_CfgHSDesc
                0x0000000020000098       0x43 ./Middlewares/ST/STM32_USB_Device_Library/Class/CDC/Src/usbd_cdc.o
                0x0000000020000098                USBD_CDC_CfgHSDesc
 *fill*         0x00000000200000db        0x1 
 .data.USBD_CDC_DeviceQualifierDesc
                0x00000000200000dc        0xa ./Middlewares/ST/STM32_USB_Device_Library/Class/CDC/Src/usbd_cdc.o
 *fill*         0x00000000200000e6        0x2 
 .data.USBD_CDC_OtherSpeedCfgDesc
                0x00000000200000e8       0x43 ./Middlewares/ST/STM32_USB_Device_Library/Class/CDC/Src/usbd_cdc.o
                0x00000000200000e8                USBD_CDC_OtherSpeedCfgDesc
 *fill*         0x000000002000012b        0x1 
 .data.USBD_Interface_fops_FS
                0x000000002000012c       0x10 ./USB_DEVICE/App/usbd_cdc_if.o
                0x000000002000012c                USBD_Interface_fops_FS
 .data.FS_Desc  0x000000002000013c       0x1c ./USB_DEVICE/App/usbd_desc.o
                0x000000002000013c                FS_Desc
 .data.USBD_FS_DeviceDesc
                0x0000000020000158       0x12 ./USB_DEVICE/App/usbd_desc.o
                0x0000000020000158                USBD_FS_DeviceDesc
 *fill*         0x000000002000016a        0x2 
 .data.USBD_LangIDDesc
                0x000000002000016c        0x4 ./USB_DEVICE/App/usbd_desc.o
                0x000000002000016c                USBD_LangIDDesc
 .data.USBD_StringSerial
                0x0000000020000170       0x1a ./USB_DEVICE/App/usbd_desc.o
                0x0000000020000170                USBD_StringSerial
 *(.RamFunc)
 *(.RamFunc*)
                0x000000002000018c                . = ALIGN (0x4)
 *fill*         0x000000002000018a        0x2 
                0x000000002000018c                _edata = .

.igot.plt       0x000000002000018c        0x0 load address 0x0000000008005cd8
 .igot.plt      0x000000002000018c        0x0 C:/ST/STM32CubeIDE_1.13.1/STM32CubeIDE/plugins/com.st.stm32cube.ide.mcu.externaltools.gnu-tools-for-stm32.11.3.rel1.win32_1.1.0.202305231506/tools/bin/../lib/gcc/arm-none-eabi/11.3.1/thumb/v7-m/nofp/crtbegin.o
                0x000000002000018c                . = ALIGN (0x4)

.bss            0x000000002000018c     0x1af4 load address 0x0000000008005cd8
                0x000000002000018c                _sbss = .
                0x000000002000018c                __bss_start__ = _sbss
 *(.bss)
 .bss           0x000000002000018c       0x1c C:/ST/STM32CubeIDE_1.13.1/STM32CubeIDE/plugins/com.st.stm32cube.ide.mcu.externaltools.gnu-tools-for-stm32.11.3.rel1.win32_1.1.0.202305231506/tools/bin/../lib/gcc/arm-none-eabi/11.3.1/thumb/v7-m/nofp/crtbegin.o
 *(.bss*)
 .bss.aDbgStr   0x00000000200001a8        0x4 ./Core/Src/ESP01.o
 .bss.aESP01ChangeState
                0x00000000200001ac        0x4 ./Core/Src/ESP01.o
 .bss.esp01ATSate
                0x00000000200001b0        0x1 ./Core/Src/ESP01.o
 .bss.esp01Flags
                0x00000000200001b1        0x1 ./Core/Src/ESP01.o
 .bss.esp01HState
                0x00000000200001b2        0x1 ./Core/Src/ESP01.o
 *fill*         0x00000000200001b3        0x1 
 .bss.esp01Handle
                0x00000000200001b4       0x14 ./Core/Src/ESP01.o
 .bss.esp01LocalIP
                0x00000000200001c8       0x10 ./Core/Src/ESP01.o
 .bss.esp01LocalPORT
                0x00000000200001d8        0x6 ./Core/Src/ESP01.o
 .bss.esp01PASSWORD
                0x00000000200001de       0x20 ./Core/Src/ESP01.o
 .bss.esp01RXATBuf
                0x00000000200001fe       0x80 ./Core/Src/ESP01.o
 .bss.esp01RemoteIP
                0x000000002000027e       0x10 ./Core/Src/ESP01.o
 .bss.esp01RemotePORT
                0x000000002000028e        0x6 ./Core/Src/ESP01.o
 .bss.esp01SSID
                0x0000000020000294       0x40 ./Core/Src/ESP01.o
 .bss.esp01TXATBuf
                0x00000000200002d4      0x100 ./Core/Src/ESP01.o
 .bss.esp01TimeoutDataRx
                0x00000000200003d4        0x4 ./Core/Src/ESP01.o
 .bss.esp01TimeoutTask
                0x00000000200003d8        0x4 ./Core/Src/ESP01.o
 .bss.esp01TimeoutTxSymbol
                0x00000000200003dc        0x4 ./Core/Src/ESP01.o
 .bss.esp01TriesAT
                0x00000000200003e0        0x1 ./Core/Src/ESP01.o
 *fill*         0x00000000200003e1        0x1 
 .bss.esp01irRXAT
                0x00000000200003e2        0x2 ./Core/Src/ESP01.o
 .bss.esp01irTX
                0x00000000200003e4        0x2 ./Core/Src/ESP01.o
 .bss.esp01iwRXAT
                0x00000000200003e6        0x2 ./Core/Src/ESP01.o
 .bss.esp01iwTX
                0x00000000200003e8        0x2 ./Core/Src/ESP01.o
 .bss.esp01nBytes
                0x00000000200003ea        0x2 ./Core/Src/ESP01.o
 .bss.indexResponse
                0x00000000200003ec        0x1 ./Core/Src/ESP01.o
 .bss.indexResponseChar
                0x00000000200003ed        0x1 ./Core/Src/ESP01.o
 *fill*         0x00000000200003ee        0x2 
 .bss.ESP01Manager
                0x00000000200003f0       0x14 ./Core/Src/main.o
                0x00000000200003f0                ESP01Manager
 .bss.bufAUX_Tx
                0x0000000020000404      0x100 ./Core/Src/main.o
                0x0000000020000404                bufAUX_Tx
 .bss.bufUSART_Rx
                0x0000000020000504      0x100 ./Core/Src/main.o
                0x0000000020000504                bufUSART_Rx
 .bss.bufUSART_Tx
                0x0000000020000604      0x100 ./Core/Src/main.o
                0x0000000020000604                bufUSART_Tx
 .bss.bufUSB_Rx
                0x0000000020000704      0x100 ./Core/Src/main.o
                0x0000000020000704                bufUSB_Rx
 .bss.bufUSB_Tx
                0x0000000020000804      0x100 ./Core/Src/main.o
                0x0000000020000804                bufUSB_Tx
 .bss.bytes_to_send
                0x0000000020000904        0x1 ./Core/Src/main.o
                0x0000000020000904                bytes_to_send
 *fill*         0x0000000020000905        0x3 
 .bss.ds18b20_0
                0x0000000020000908       0x28 ./Core/Src/main.o
                0x0000000020000908                ds18b20_0
 .bss.elapsedTime_us
                0x0000000020000930        0x4 ./Core/Src/main.o
                0x0000000020000930                elapsedTime_us
 .bss.flag1     0x0000000020000934        0x1 ./Core/Src/main.o
                0x0000000020000934                flag1
 .bss.flag2     0x0000000020000935        0x1 ./Core/Src/main.o
                0x0000000020000935                flag2
 *fill*         0x0000000020000936        0x2 
 .bss.htim2     0x0000000020000938       0x48 ./Core/Src/main.o
                0x0000000020000938                htim2
 .bss.htim3     0x0000000020000980       0x48 ./Core/Src/main.o
                0x0000000020000980                htim3
 .bss.huart2    0x00000000200009c8       0x48 ./Core/Src/main.o
                0x00000000200009c8                huart2
 .bss.indexHb   0x0000000020000a10        0x1 ./Core/Src/main.o
                0x0000000020000a10                indexHb
 *fill*         0x0000000020000a11        0x3 
 .bss.lastCount
                0x0000000020000a14        0x4 ./Core/Src/main.o
                0x0000000020000a14                lastCount
 .bss.overflowCount
                0x0000000020000a18        0x4 ./Core/Src/main.o
                0x0000000020000a18                overflowCount
 .bss.ow0       0x0000000020000a1c       0x24 ./Core/Src/main.o
                0x0000000020000a1c                ow0
 .bss.rxUSART   0x0000000020000a40       0x14 ./Core/Src/main.o
                0x0000000020000a40                rxUSART
 .bss.rxUSB     0x0000000020000a54       0x14 ./Core/Src/main.o
                0x0000000020000a54                rxUSB
 .bss.tempDS18B20
                0x0000000020000a68        0x2 ./Core/Src/main.o
                0x0000000020000a68                tempDS18B20
 .bss.time100ms
                0x0000000020000a6a        0x1 ./Core/Src/main.o
                0x0000000020000a6a                time100ms
 .bss.time10ms  0x0000000020000a6b        0x1 ./Core/Src/main.o
                0x0000000020000a6b                time10ms
 .bss.time1seg  0x0000000020000a6c        0x1 ./Core/Src/main.o
                0x0000000020000a6c                time1seg
 .bss.time2seg  0x0000000020000a6d        0x1 ./Core/Src/main.o
                0x0000000020000a6d                time2seg
 .bss.time5seg  0x0000000020000a6e        0x2 ./Core/Src/main.o
                0x0000000020000a6e                time5seg
 .bss.txAUX     0x0000000020000a70        0xc ./Core/Src/main.o
                0x0000000020000a70                txAUX
 .bss.txUSART   0x0000000020000a7c        0xc ./Core/Src/main.o
                0x0000000020000a7c                txUSART
 .bss.txUSB     0x0000000020000a88        0xc ./Core/Src/main.o
                0x0000000020000a88                txUSB
 .bss.w         0x0000000020000a94        0x4 ./Core/Src/main.o
                0x0000000020000a94                w
 .bss.waitMode  0x0000000020000a98        0x8 ./Core/Src/main.o
                0x0000000020000a98                waitMode
 .bss.uwTick    0x0000000020000aa0        0x4 ./Drivers/STM32F1xx_HAL_Driver/Src/stm32f1xx_hal.o
                0x0000000020000aa0                uwTick
 .bss.cfgidx.0  0x0000000020000aa4        0x1 ./Middlewares/ST/STM32_USB_Device_Library/Core/Src/usbd_ctlreq.o
 *fill*         0x0000000020000aa5        0x3 
 .bss.hUsbDeviceFS
                0x0000000020000aa8      0x2c4 ./USB_DEVICE/App/usb_device.o
                0x0000000020000aa8                hUsbDeviceFS
 .bss.UserRxBufferFS
                0x0000000020000d6c      0x400 ./USB_DEVICE/App/usbd_cdc_if.o
                0x0000000020000d6c                UserRxBufferFS
 .bss.UserTxBufferFS
                0x000000002000116c      0x400 ./USB_DEVICE/App/usbd_cdc_if.o
                0x000000002000116c                UserTxBufferFS
 .bss.myPtrFunRx
                0x000000002000156c        0x4 ./USB_DEVICE/App/usbd_cdc_if.o
 .bss.USBD_StrDesc
                0x0000000020001570      0x200 ./USB_DEVICE/App/usbd_desc.o
                0x0000000020001570                USBD_StrDesc
 .bss.hpcd_USB_FS
                0x0000000020001770      0x2f0 ./USB_DEVICE/Target/usbd_conf.o
                0x0000000020001770                hpcd_USB_FS
 .bss.mem.0     0x0000000020001a60      0x220 ./USB_DEVICE/Target/usbd_conf.o
 *(COMMON)
                0x0000000020001c80                . = ALIGN (0x4)
                0x0000000020001c80                _ebss = .
                0x0000000020001c80                __bss_end__ = _ebss

._user_heap_stack
                0x0000000020001c80      0x600 load address 0x0000000008005cd8
                0x0000000020001c80                . = ALIGN (0x8)
                [!provide]                        PROVIDE (end = .)
                0x0000000020001c80                PROVIDE (_end = .)
                0x0000000020001e80                . = (. + _Min_Heap_Size)
 *fill*         0x0000000020001c80      0x200 
                0x0000000020002280                . = (. + _Min_Stack_Size)
 *fill*         0x0000000020001e80      0x400 
                0x0000000020002280                . = ALIGN (0x8)

/DISCARD/
 libc.a(*)
 libm.a(*)
 libgcc.a(*)

.ARM.attributes
                0x0000000000000000       0x29
 *(.ARM.attributes)
 .ARM.attributes
                0x0000000000000000       0x1d C:/ST/STM32CubeIDE_1.13.1/STM32CubeIDE/plugins/com.st.stm32cube.ide.mcu.externaltools.gnu-tools-for-stm32.11.3.rel1.win32_1.1.0.202305231506/tools/bin/../lib/gcc/arm-none-eabi/11.3.1/thumb/v7-m/nofp/crti.o
 .ARM.attributes
                0x000000000000001d       0x2d C:/ST/STM32CubeIDE_1.13.1/STM32CubeIDE/plugins/com.st.stm32cube.ide.mcu.externaltools.gnu-tools-for-stm32.11.3.rel1.win32_1.1.0.202305231506/tools/bin/../lib/gcc/arm-none-eabi/11.3.1/thumb/v7-m/nofp/crtbegin.o
 .ARM.attributes
                0x000000000000004a       0x2d ./Core/Src/DS18B20.o
 .ARM.attributes
                0x0000000000000077       0x2d ./Core/Src/ESP01.o
 .ARM.attributes
                0x00000000000000a4       0x2d ./Core/Src/ONEWire.o
 .ARM.attributes
                0x00000000000000d1       0x2d ./Core/Src/delay_non_blocking.o
 .ARM.attributes
                0x00000000000000fe       0x2d ./Core/Src/main.o
 .ARM.attributes
                0x000000000000012b       0x2d ./Core/Src/stm32f1xx_hal_msp.o
 .ARM.attributes
                0x0000000000000158       0x2d ./Core/Src/stm32f1xx_it.o
 .ARM.attributes
                0x0000000000000185       0x2d ./Core/Src/system_stm32f1xx.o
 .ARM.attributes
                0x00000000000001b2       0x21 ./Core/Startup/startup_stm32f103c8tx.o
 .ARM.attributes
                0x00000000000001d3       0x2d ./Drivers/STM32F1xx_HAL_Driver/Src/stm32f1xx_hal.o
 .ARM.attributes
                0x0000000000000200       0x2d ./Drivers/STM32F1xx_HAL_Driver/Src/stm32f1xx_hal_cortex.o
 .ARM.attributes
                0x000000000000022d       0x2d ./Drivers/STM32F1xx_HAL_Driver/Src/stm32f1xx_hal_dma.o
 .ARM.attributes
                0x000000000000025a       0x2d ./Drivers/STM32F1xx_HAL_Driver/Src/stm32f1xx_hal_gpio.o
 .ARM.attributes
                0x0000000000000287       0x2d ./Drivers/STM32F1xx_HAL_Driver/Src/stm32f1xx_hal_pcd.o
 .ARM.attributes
                0x00000000000002b4       0x2d ./Drivers/STM32F1xx_HAL_Driver/Src/stm32f1xx_hal_pcd_ex.o
 .ARM.attributes
                0x00000000000002e1       0x2d ./Drivers/STM32F1xx_HAL_Driver/Src/stm32f1xx_hal_rcc.o
 .ARM.attributes
                0x000000000000030e       0x2d ./Drivers/STM32F1xx_HAL_Driver/Src/stm32f1xx_hal_rcc_ex.o
 .ARM.attributes
                0x000000000000033b       0x2d ./Drivers/STM32F1xx_HAL_Driver/Src/stm32f1xx_hal_tim.o
 .ARM.attributes
                0x0000000000000368       0x2d ./Drivers/STM32F1xx_HAL_Driver/Src/stm32f1xx_hal_tim_ex.o
 .ARM.attributes
                0x0000000000000395       0x2d ./Drivers/STM32F1xx_HAL_Driver/Src/stm32f1xx_hal_uart.o
 .ARM.attributes
                0x00000000000003c2       0x2d ./Drivers/STM32F1xx_HAL_Driver/Src/stm32f1xx_ll_usb.o
 .ARM.attributes
                0x00000000000003ef       0x2d ./Middlewares/ST/STM32_USB_Device_Library/Class/CDC/Src/usbd_cdc.o
 .ARM.attributes
                0x000000000000041c       0x2d ./Middlewares/ST/STM32_USB_Device_Library/Core/Src/usbd_core.o
 .ARM.attributes
                0x0000000000000449       0x2d ./Middlewares/ST/STM32_USB_Device_Library/Core/Src/usbd_ctlreq.o
 .ARM.attributes
                0x0000000000000476       0x2d ./Middlewares/ST/STM32_USB_Device_Library/Core/Src/usbd_ioreq.o
 .ARM.attributes
                0x00000000000004a3       0x2d ./USB_DEVICE/App/usb_device.o
 .ARM.attributes
                0x00000000000004d0       0x2d ./USB_DEVICE/App/usbd_cdc_if.o
 .ARM.attributes
                0x00000000000004fd       0x2d ./USB_DEVICE/App/usbd_desc.o
 .ARM.attributes
                0x000000000000052a       0x2d ./USB_DEVICE/Target/usbd_conf.o
 .ARM.attributes
                0x0000000000000557       0x2d C:/ST/STM32CubeIDE_1.13.1/STM32CubeIDE/plugins/com.st.stm32cube.ide.mcu.externaltools.gnu-tools-for-stm32.11.3.rel1.win32_1.1.0.202305231506/tools/bin/../lib/gcc/arm-none-eabi/11.3.1/../../../../arm-none-eabi/lib/thumb/v7-m/nofp\libc_nano.a(libc_a-itoa.o)
 .ARM.attributes
                0x0000000000000584       0x2d C:/ST/STM32CubeIDE_1.13.1/STM32CubeIDE/plugins/com.st.stm32cube.ide.mcu.externaltools.gnu-tools-for-stm32.11.3.rel1.win32_1.1.0.202305231506/tools/bin/../lib/gcc/arm-none-eabi/11.3.1/../../../../arm-none-eabi/lib/thumb/v7-m/nofp\libc_nano.a(libc_a-utoa.o)
 .ARM.attributes
                0x00000000000005b1       0x2d C:/ST/STM32CubeIDE_1.13.1/STM32CubeIDE/plugins/com.st.stm32cube.ide.mcu.externaltools.gnu-tools-for-stm32.11.3.rel1.win32_1.1.0.202305231506/tools/bin/../lib/gcc/arm-none-eabi/11.3.1/../../../../arm-none-eabi/lib/thumb/v7-m/nofp\libc_nano.a(libc_a-memset.o)
 .ARM.attributes
                0x00000000000005de       0x2d C:/ST/STM32CubeIDE_1.13.1/STM32CubeIDE/plugins/com.st.stm32cube.ide.mcu.externaltools.gnu-tools-for-stm32.11.3.rel1.win32_1.1.0.202305231506/tools/bin/../lib/gcc/arm-none-eabi/11.3.1/../../../../arm-none-eabi/lib/thumb/v7-m/nofp\libc_nano.a(libc_a-strncpy.o)
 .ARM.attributes
                0x000000000000060b       0x2d C:/ST/STM32CubeIDE_1.13.1/STM32CubeIDE/plugins/com.st.stm32cube.ide.mcu.externaltools.gnu-tools-for-stm32.11.3.rel1.win32_1.1.0.202305231506/tools/bin/../lib/gcc/arm-none-eabi/11.3.1/../../../../arm-none-eabi/lib/thumb/v7-m/nofp\libc_nano.a(libc_a-init.o)
 .ARM.attributes
                0x0000000000000638       0x2d C:/ST/STM32CubeIDE_1.13.1/STM32CubeIDE/plugins/com.st.stm32cube.ide.mcu.externaltools.gnu-tools-for-stm32.11.3.rel1.win32_1.1.0.202305231506/tools/bin/../lib/gcc/arm-none-eabi/11.3.1/../../../../arm-none-eabi/lib/thumb/v7-m/nofp\libc_nano.a(libc_a-strcpy.o)
 .ARM.attributes
                0x0000000000000665       0x17 C:/ST/STM32CubeIDE_1.13.1/STM32CubeIDE/plugins/com.st.stm32cube.ide.mcu.externaltools.gnu-tools-for-stm32.11.3.rel1.win32_1.1.0.202305231506/tools/bin/../lib/gcc/arm-none-eabi/11.3.1/../../../../arm-none-eabi/lib/thumb/v7-m/nofp\libc_nano.a(libc_a-strlen.o)
 .ARM.attributes
                0x000000000000067c       0x1d C:/ST/STM32CubeIDE_1.13.1/STM32CubeIDE/plugins/com.st.stm32cube.ide.mcu.externaltools.gnu-tools-for-stm32.11.3.rel1.win32_1.1.0.202305231506/tools/bin/../lib/gcc/arm-none-eabi/11.3.1/thumb/v7-m/nofp/crtn.o
OUTPUT(MECS_I_MCU.elf elf32-littlearm)
LOAD linker stubs
LOAD C:/ST/STM32CubeIDE_1.13.1/STM32CubeIDE/plugins/com.st.stm32cube.ide.mcu.externaltools.gnu-tools-for-stm32.11.3.rel1.win32_1.1.0.202305231506/tools/bin/../lib/gcc/arm-none-eabi/11.3.1/../../../../arm-none-eabi/lib/thumb/v7-m/nofp\libc.a
LOAD C:/ST/STM32CubeIDE_1.13.1/STM32CubeIDE/plugins/com.st.stm32cube.ide.mcu.externaltools.gnu-tools-for-stm32.11.3.rel1.win32_1.1.0.202305231506/tools/bin/../lib/gcc/arm-none-eabi/11.3.1/../../../../arm-none-eabi/lib/thumb/v7-m/nofp\libm.a
LOAD C:/ST/STM32CubeIDE_1.13.1/STM32CubeIDE/plugins/com.st.stm32cube.ide.mcu.externaltools.gnu-tools-for-stm32.11.3.rel1.win32_1.1.0.202305231506/tools/bin/../lib/gcc/arm-none-eabi/11.3.1/thumb/v7-m/nofp\libgcc.a

.comment        0x0000000000000000       0x43
 .comment       0x0000000000000000       0x43 C:/ST/STM32CubeIDE_1.13.1/STM32CubeIDE/plugins/com.st.stm32cube.ide.mcu.externaltools.gnu-tools-for-stm32.11.3.rel1.win32_1.1.0.202305231506/tools/bin/../lib/gcc/arm-none-eabi/11.3.1/thumb/v7-m/nofp/crtbegin.o
                                         0x44 (size before relaxing)
 .comment       0x0000000000000043       0x44 ./Core/Src/DS18B20.o
 .comment       0x0000000000000043       0x44 ./Core/Src/ESP01.o
 .comment       0x0000000000000043       0x44 ./Core/Src/ONEWire.o
 .comment       0x0000000000000043       0x44 ./Core/Src/delay_non_blocking.o
 .comment       0x0000000000000043       0x44 ./Core/Src/main.o
 .comment       0x0000000000000043       0x44 ./Core/Src/stm32f1xx_hal_msp.o
 .comment       0x0000000000000043       0x44 ./Core/Src/stm32f1xx_it.o
 .comment       0x0000000000000043       0x44 ./Core/Src/system_stm32f1xx.o
 .comment       0x0000000000000043       0x44 ./Drivers/STM32F1xx_HAL_Driver/Src/stm32f1xx_hal.o
 .comment       0x0000000000000043       0x44 ./Drivers/STM32F1xx_HAL_Driver/Src/stm32f1xx_hal_cortex.o
 .comment       0x0000000000000043       0x44 ./Drivers/STM32F1xx_HAL_Driver/Src/stm32f1xx_hal_dma.o
 .comment       0x0000000000000043       0x44 ./Drivers/STM32F1xx_HAL_Driver/Src/stm32f1xx_hal_gpio.o
 .comment       0x0000000000000043       0x44 ./Drivers/STM32F1xx_HAL_Driver/Src/stm32f1xx_hal_pcd.o
 .comment       0x0000000000000043       0x44 ./Drivers/STM32F1xx_HAL_Driver/Src/stm32f1xx_hal_pcd_ex.o
 .comment       0x0000000000000043       0x44 ./Drivers/STM32F1xx_HAL_Driver/Src/stm32f1xx_hal_rcc.o
 .comment       0x0000000000000043       0x44 ./Drivers/STM32F1xx_HAL_Driver/Src/stm32f1xx_hal_rcc_ex.o
 .comment       0x0000000000000043       0x44 ./Drivers/STM32F1xx_HAL_Driver/Src/stm32f1xx_hal_tim.o
 .comment       0x0000000000000043       0x44 ./Drivers/STM32F1xx_HAL_Driver/Src/stm32f1xx_hal_tim_ex.o
 .comment       0x0000000000000043       0x44 ./Drivers/STM32F1xx_HAL_Driver/Src/stm32f1xx_hal_uart.o
 .comment       0x0000000000000043       0x44 ./Drivers/STM32F1xx_HAL_Driver/Src/stm32f1xx_ll_usb.o
 .comment       0x0000000000000043       0x44 ./Middlewares/ST/STM32_USB_Device_Library/Class/CDC/Src/usbd_cdc.o
 .comment       0x0000000000000043       0x44 ./Middlewares/ST/STM32_USB_Device_Library/Core/Src/usbd_core.o
 .comment       0x0000000000000043       0x44 ./Middlewares/ST/STM32_USB_Device_Library/Core/Src/usbd_ctlreq.o
 .comment       0x0000000000000043       0x44 ./Middlewares/ST/STM32_USB_Device_Library/Core/Src/usbd_ioreq.o
 .comment       0x0000000000000043       0x44 ./USB_DEVICE/App/usb_device.o
 .comment       0x0000000000000043       0x44 ./USB_DEVICE/App/usbd_cdc_if.o
 .comment       0x0000000000000043       0x44 ./USB_DEVICE/App/usbd_desc.o
 .comment       0x0000000000000043       0x44 ./USB_DEVICE/Target/usbd_conf.o

.debug_frame    0x0000000000000000      0x114
 .debug_frame   0x0000000000000000       0x38 C:/ST/STM32CubeIDE_1.13.1/STM32CubeIDE/plugins/com.st.stm32cube.ide.mcu.externaltools.gnu-tools-for-stm32.11.3.rel1.win32_1.1.0.202305231506/tools/bin/../lib/gcc/arm-none-eabi/11.3.1/../../../../arm-none-eabi/lib/thumb/v7-m/nofp\libc_nano.a(libc_a-itoa.o)
 .debug_frame   0x0000000000000038       0x48 C:/ST/STM32CubeIDE_1.13.1/STM32CubeIDE/plugins/com.st.stm32cube.ide.mcu.externaltools.gnu-tools-for-stm32.11.3.rel1.win32_1.1.0.202305231506/tools/bin/../lib/gcc/arm-none-eabi/11.3.1/../../../../arm-none-eabi/lib/thumb/v7-m/nofp\libc_nano.a(libc_a-utoa.o)
 .debug_frame   0x0000000000000080       0x20 C:/ST/STM32CubeIDE_1.13.1/STM32CubeIDE/plugins/com.st.stm32cube.ide.mcu.externaltools.gnu-tools-for-stm32.11.3.rel1.win32_1.1.0.202305231506/tools/bin/../lib/gcc/arm-none-eabi/11.3.1/../../../../arm-none-eabi/lib/thumb/v7-m/nofp\libc_nano.a(libc_a-memset.o)
 .debug_frame   0x00000000000000a0       0x28 C:/ST/STM32CubeIDE_1.13.1/STM32CubeIDE/plugins/com.st.stm32cube.ide.mcu.externaltools.gnu-tools-for-stm32.11.3.rel1.win32_1.1.0.202305231506/tools/bin/../lib/gcc/arm-none-eabi/11.3.1/../../../../arm-none-eabi/lib/thumb/v7-m/nofp\libc_nano.a(libc_a-strncpy.o)
 .debug_frame   0x00000000000000c8       0x2c C:/ST/STM32CubeIDE_1.13.1/STM32CubeIDE/plugins/com.st.stm32cube.ide.mcu.externaltools.gnu-tools-for-stm32.11.3.rel1.win32_1.1.0.202305231506/tools/bin/../lib/gcc/arm-none-eabi/11.3.1/../../../../arm-none-eabi/lib/thumb/v7-m/nofp\libc_nano.a(libc_a-init.o)
 .debug_frame   0x00000000000000f4       0x20 C:/ST/STM32CubeIDE_1.13.1/STM32CubeIDE/plugins/com.st.stm32cube.ide.mcu.externaltools.gnu-tools-for-stm32.11.3.rel1.win32_1.1.0.202305231506/tools/bin/../lib/gcc/arm-none-eabi/11.3.1/../../../../arm-none-eabi/lib/thumb/v7-m/nofp\libc_nano.a(libc_a-strcpy.o)
